Microchip MPLAB XC8 Compiler V2.00 ()

Linker command line:

-W-3 --edf=C:\Program Files (x86)\Microchip\xc8\v2.00\pic\dat\en_msgs.txt \
  -cs -h+dist/default/production\DrinkUpNBT.X.production.sym \
  --cmf=dist/default/production\DrinkUpNBT.X.production.cmf -z -Q16F15344 \
  -oC:\Users\EMMANU~1\AppData\Local\Temp\s24s.2 --defsym=__MPLAB_BUILD=1 \
  -Mdist/default/production/DrinkUpNBT.X.production.map -E1 -ver=XC8 \
  --acfsm=1493 -ASTACK=0204Fh-021efh -pstack=STACK \
  -ACODE=00h-07FFh,0800h-0EBFh -ASTRCODE=00h-0EBFh \
  -ASTRING=00h-0FFhx14,0E00h-0EBFh -ACONST=00h-0FFhx14,0E00h-0EBFh \
  -AENTRY=00h-0FFhx14,0E00h-0EBFh -ACOMMON=070h-07Fh -ABANK0=020h-06Fh \
  -ABANK1=0A0h-0EFh -ABANK2=0120h-016Fh -ABANK3=01A0h-01EFh \
  -ABANK4=0220h-026Fh -ABANK5=02A0h-02EFh -ABANK6=0320h-032Fh \
  -ABIGRAM=02000h-021EFh \
  -ARAM=020h-06Fh,0A0h-0EFh,0120h-016Fh,01A0h-01EFh,0220h-026Fh,02A0h-02EFh,0320h-032Fh \
  -AABS1=020h-07Fh,0A0h-0EFh,0120h-016Fh,01A0h-01EFh,0220h-026Fh,02A0h-02EFh,0320h-032Fh \
  -ASFR0=00h-01Fh -ASFR1=080h-09Fh -ASFR2=0100h-011Fh -ASFR3=0180h-019Fh \
  -ASFR4=0200h-021Fh -ASFR5=0280h-029Fh -ASFR6=0300h-031Fh \
  -ASFR7=0380h-03EFh -ASFR8=0400h-046Fh -ASFR9=0480h-04EFh \
  -ASFR10=0500h-056Fh -ASFR11=0580h-05EFh -ASFR12=0600h-066Fh \
  -ASFR13=0680h-06EFh -ASFR14=0700h-076Fh -ASFR15=0780h-07EFh \
  -ASFR16=0800h-086Fh -ASFR17=0880h-08EFh -ASFR18=0900h-096Fh \
  -ASFR19=0980h-09EFh -ASFR20=0A00h-0A6Fh -ASFR21=0A80h-0AEFh \
  -ASFR22=0B00h-0B6Fh -ASFR23=0B80h-0BEFh -ASFR24=0C00h-0C6Fh \
  -ASFR25=0C80h-0CEFh -ASFR26=0D00h-0D6Fh -ASFR27=0D80h-0DEFh \
  -ASFR28=0E00h-0E6Fh -ASFR29=0E80h-0EEFh -ASFR30=0F00h-0F6Fh \
  -ASFR31=0F80h-0FEFh -ASFR32=01000h-0106Fh -ASFR33=01080h-010EFh \
  -ASFR34=01100h-0116Fh -ASFR35=01180h-011EFh -ASFR36=01200h-0126Fh \
  -ASFR37=01280h-012EFh -ASFR38=01300h-0136Fh -ASFR39=01380h-013EFh \
  -ASFR40=01400h-0146Fh -ASFR41=01480h-014EFh -ASFR42=01500h-0156Fh \
  -ASFR43=01580h-015EFh -ASFR44=01600h-0166Fh -ASFR45=01680h-016EFh \
  -ASFR46=01700h-0176Fh -ASFR47=01780h-017EFh -ASFR48=01800h-0186Fh \
  -ASFR49=01880h-018EFh -ASFR50=01900h-0196Fh -ASFR51=01980h-019EFh \
  -ASFR52=01A00h-01A6Fh -ASFR53=01A80h-01AEFh -ASFR54=01B00h-01B6Fh \
  -ASFR55=01B80h-01BEFh -ASFR56=01C00h-01C6Fh -ASFR57=01C80h-01CEFh \
  -ASFR58=01D00h-01D6Fh -ASFR59=01D80h-01DEFh -ASFR60=01E00h-01E6Fh \
  -ASFR61=01E80h-01EEFh -ASFR62=01F00h-01F6Fh -ASFR63=01F80h-01FEFh \
  -preset_vec=00h,intentry=04h,init,end_init -ppowerup=CODE -pcinit=CODE \
  -pfunctab=ENTRY -ACONFIG=08007h-0800Bh -pconfig=CONFIG -DCONFIG=2 \
  -AIDLOC=08000h-08003h -pidloc=IDLOC -DIDLOC=2 -DCODE=2 -DSTRCODE=2 \
  -DSTRING=2 -DCONST=2 -DENTRY=2 -k \
  C:\Users\EMMANU~1\AppData\Local\Temp\s24s.o \
  dist/default/production\DrinkUpNBT.X.production.o 

Object code version is 3.11

Machine type is 16F15344



                Name                               Link     Load   Length Selector   Space Scale
C:\Users\EMMANU~1\AppData\Local\Temp\s24s.o
                end_init                             28       28        2        8       0
                reset_vec                             0        0        3        0       0
                config                             8007     8007        5    1000E       0
dist/default/production\DrinkUpNBT.X.production.o
                cinit                                2A       2A        E        8       0
                intentry                              4        4       24        8       0
                text79                              D53      D53       12     1AA6       0
                text75                              D37      D37        1     1A6E       0
                text73                              6F6      6F6       D7        8       0
                text72                              D38      D38        1     1A70       0
                text69                              DDF      DDF       3B     1BBE       0
                text68                              D39      D39        1     1A72       0
                text66                              7CD      7CD       32        8       0
                text63                                3        3        1        0       0
                text62                              D47      D47        C     1A8E       0
                text60                              D40      D40        7     1A80       0
                text59                              7FF      7FF        1        8       0
                text58                              D95      D95       22     1B2A       0
                text54                              D79      D79       1C     1AF2       0
                text42                              D65      D65       14     1ACA       0
                text30                              DB7      DB7       28     1B6E       0
                text28                              E1A      E1A       4A     1C34       0
                text27                              E64      E64       5C     1CC8       0
                text25                               38       38      6BE        8       0
                swtext1                             800      800       14     1000       0
                cstackBANK0                          48       48       1A       20       1
                cstackCOMMON                         70       70        6       70       1
                clrtext                             D3A      D3A        6     1A74       0
                bssBANK0                             20       20       28       20       1
                bssCOMMON                            76       76        3       70       1
                nvBANK0                              62       62        D       20       1
                nvCOMMON                             79       79        2       70       1

TOTAL           Name                               Link     Load   Length     Space
        CLASS   STACK          

        CLASS   CODE           
                end_init                             28       28        2         0
                cinit                                2A       2A        E         0
                intentry                              4        4       24         0
                reset_vec                             0        0        3         0
                text79                              D53      D53       12         0
                text75                              D37      D37        1         0
                text73                              6F6      6F6       D7         0
                text72                              D38      D38        1         0
                text69                              DDF      DDF       3B         0
                text68                              D39      D39        1         0
                text66                              7CD      7CD       32         0
                text63                                3        3        1         0
                text62                              D47      D47        C         0
                text60                              D40      D40        7         0
                text59                              7FF      7FF        1         0
                text58                              D95      D95       22         0
                text54                              D79      D79       1C         0
                text42                              D65      D65       14         0
                text30                              DB7      DB7       28         0
                text28                              E1A      E1A       4A         0
                text27                              E64      E64       5C         0
                text25                               38       38      6BE         0
                clrtext                             D3A      D3A        6         0

        CLASS   STRCODE        

        CLASS   STRING         

        CLASS   CONST          
                swtext1                             800      800       14         0

        CLASS   ENTRY          

        CLASS   COMMON         
                cstackCOMMON                         70       70        6         1
                bssCOMMON                            76       76        3         1
                nvCOMMON                             79       79        2         1

        CLASS   BANK0          
                cstackBANK0                          48       48       1A         1
                bssBANK0                             20       20       28         1
                nvBANK0                              62       62        D         1

        CLASS   BANK1          

        CLASS   BANK2          

        CLASS   BANK3          

        CLASS   BANK4          

        CLASS   BANK5          

        CLASS   BANK6          

        CLASS   BIGRAM         

        CLASS   RAM            

        CLASS   ABS1           
                abs_s1                               7E       7E        2         1

        CLASS   SFR0           

        CLASS   SFR1           

        CLASS   SFR2           

        CLASS   SFR3           

        CLASS   SFR4           

        CLASS   SFR5           

        CLASS   SFR6           

        CLASS   SFR7           

        CLASS   SFR8           

        CLASS   SFR9           

        CLASS   SFR10          

        CLASS   SFR11          

        CLASS   SFR12          

        CLASS   SFR13          

        CLASS   SFR14          

        CLASS   SFR15          

        CLASS   SFR16          

        CLASS   SFR17          

        CLASS   SFR18          

        CLASS   SFR19          

        CLASS   SFR20          

        CLASS   SFR21          

        CLASS   SFR22          

        CLASS   SFR23          

        CLASS   SFR24          

        CLASS   SFR25          

        CLASS   SFR26          

        CLASS   SFR27          

        CLASS   SFR28          

        CLASS   SFR29          

        CLASS   SFR30          

        CLASS   SFR31          

        CLASS   SFR32          

        CLASS   SFR33          

        CLASS   SFR34          

        CLASS   SFR35          

        CLASS   SFR36          

        CLASS   SFR37          

        CLASS   SFR38          

        CLASS   SFR39          

        CLASS   SFR40          

        CLASS   SFR41          

        CLASS   SFR42          

        CLASS   SFR43          

        CLASS   SFR44          

        CLASS   SFR45          

        CLASS   SFR46          

        CLASS   SFR47          

        CLASS   SFR48          

        CLASS   SFR49          

        CLASS   SFR50          

        CLASS   SFR51          

        CLASS   SFR52          

        CLASS   SFR53          

        CLASS   SFR54          

        CLASS   SFR55          

        CLASS   SFR56          

        CLASS   SFR57          

        CLASS   SFR58          

        CLASS   SFR59          

        CLASS   SFR60          

        CLASS   SFR61          

        CLASS   SFR62          

        CLASS   SFR63          

        CLASS   CONFIG         
                config                             8007     8007        5         0

        CLASS   IDLOC          

        CLASS   BANK63         

        CLASS   BANK62         

        CLASS   BANK61         

        CLASS   BANK60         

        CLASS   BANK59         

        CLASS   BANK58         

        CLASS   BANK57         

        CLASS   BANK56         

        CLASS   BANK55         

        CLASS   BANK54         

        CLASS   BANK53         

        CLASS   BANK52         

        CLASS   BANK51         

        CLASS   BANK50         

        CLASS   BANK49         

        CLASS   BANK48         

        CLASS   BANK47         

        CLASS   BANK46         

        CLASS   BANK45         

        CLASS   BANK44         

        CLASS   BANK43         

        CLASS   BANK42         

        CLASS   BANK41         

        CLASS   BANK40         

        CLASS   BANK39         

        CLASS   BANK38         

        CLASS   BANK37         

        CLASS   BANK36         

        CLASS   BANK35         

        CLASS   BANK34         

        CLASS   BANK33         

        CLASS   BANK32         

        CLASS   BANK31         

        CLASS   BANK30         

        CLASS   BANK29         

        CLASS   BANK28         

        CLASS   BANK27         

        CLASS   BANK26         

        CLASS   BANK25         

        CLASS   BANK24         

        CLASS   BANK23         

        CLASS   BANK22         

        CLASS   BANK21         

        CLASS   BANK20         

        CLASS   BANK19         

        CLASS   BANK18         

        CLASS   BANK17         

        CLASS   BANK16         

        CLASS   BANK15         

        CLASS   BANK14         

        CLASS   BANK13         

        CLASS   BANK12         

        CLASS   BANK11         

        CLASS   BANK10         

        CLASS   BANK9          

        CLASS   BANK8          

        CLASS   BANK7          

        CLASS   EEDATA         



SEGMENTS        Name                           Load    Length   Top    Selector   Space  Class     Delta

                reset_vec                      000000  000004  000004         0       0  CODE        2
                intentry                       000004  0007FC  000800         8       0  CODE        2
                bssBANK0                       000020  00004F  00006F        20       1  BANK0       1
                cstackCOMMON                   000070  00000B  00007B        70       1  COMMON      1
                swtext1                        000800  000014  000814      1000       0  CONST       2
                text75                         000D37  000001  000D38      1A6E       0  CODE        2
                text72                         000D38  000001  000D39      1A70       0  CODE        2
                text68                         000D39  000001  000D3A      1A72       0  CODE        2
                clrtext                        000D3A  000006  000D40      1A74       0  CODE        2
                text60                         000D40  000007  000D47      1A80       0  CODE        2
                text62                         000D47  00000C  000D53      1A8E       0  CODE        2
                text79                         000D53  000012  000D65      1AA6       0  CODE        2
                text42                         000D65  000014  000D79      1ACA       0  CODE        2
                text54                         000D79  00001C  000D95      1AF2       0  CODE        2
                text58                         000D95  000022  000DB7      1B2A       0  CODE        2
                text30                         000DB7  000028  000DDF      1B6E       0  CODE        2
                text69                         000DDF  00003B  000E1A      1BBE       0  CODE        2
                text28                         000E1A  00004A  000E64      1C34       0  CODE        2
                text27                         000E64  00005C  000EC0      1CC8       0  CODE        2
                config                         008007  000005  00800C     1000E       0  CONFIG      2


UNUSED ADDRESS RANGES

        Name                Unused          Largest block    Delta
        BANK0            0006F-0006F               1           1
        BANK1            000A0-000EF              50           1
        BANK2            00120-0016F              50           1
        BANK3            001A0-001EF              50           1
        BANK4            00220-0026F              50           1
        BANK5            002A0-002EF              50           1
        BANK6            00320-0032F              10           1
        BIGRAM           02000-021EF             1F0           1
        CODE             00814-00D36             523           2
        COMMON           0007B-0007D               3           1
        CONST            00814-00D36             100           2
        ENTRY            00814-00D36             100           2
        IDLOC            08000-08003               4           2
        RAM              0006F-0006F               1           1
                         000A0-000EF              50
                         00120-0016F              50
                         001A0-001EF              50
                         00220-0026F              50
                         002A0-002EF              50
                         00320-0032F              10
        SFR0             00000-0001F              20           1
        SFR1             00080-0009F              20           1
        SFR10            00500-0056F              70           1
        SFR11            00580-005EF              70           1
        SFR12            00600-0066F              70           1
        SFR13            00680-006EF              70           1
        SFR14            00700-0076F              70           1
        SFR15            00780-007EF              70           1
        SFR16            00800-0086F              70           1
        SFR17            00880-008EF              70           1
        SFR18            00900-0096F              70           1
        SFR19            00980-009EF              70           1
        SFR2             00100-0011F              20           1
        SFR20            00A00-00A6F              70           1
        SFR21            00A80-00AEF              70           1
        SFR22            00B00-00B6F              70           1
        SFR23            00B80-00BEF              70           1
        SFR24            00C00-00C6F              70           1
        SFR25            00C80-00CEF              70           1
        SFR26            00D00-00D6F              70           1
        SFR27            00D80-00DEF              70           1
        SFR28            00E00-00E6F              70           1
        SFR29            00E80-00EEF              70           1
        SFR3             00180-0019F              20           1
        SFR30            00F00-00F6F              70           1
        SFR31            00F80-00FEF              70           1
        SFR32            01000-0106F              70           1
        SFR33            01080-010EF              70           1
        SFR34            01100-0116F              70           1
        SFR35            01180-011EF              70           1
        SFR36            01200-0126F              70           1
        SFR37            01280-012EF              70           1
        SFR38            01300-0136F              70           1
        SFR39            01380-013EF              70           1
        SFR4             00200-0021F              20           1
        SFR40            01400-0146F              70           1
        SFR41            01480-014EF              70           1
        SFR42            01500-0156F              70           1
        SFR43            01580-015EF              70           1
        SFR44            01600-0166F              70           1
        SFR45            01680-016EF              70           1
        SFR46            01700-0176F              70           1
        SFR47            01780-017EF              70           1
        SFR48            01800-0186F              70           1
        SFR49            01880-018EF              70           1
        SFR5             00280-0029F              20           1
        SFR50            01900-0196F              70           1
        SFR51            01980-019EF              70           1
        SFR52            01A00-01A6F              70           1
        SFR53            01A80-01AEF              70           1
        SFR54            01B00-01B6F              70           1
        SFR55            01B80-01BEF              70           1
        SFR56            01C00-01C6F              70           1
        SFR57            01C80-01CEF              70           1
        SFR58            01D00-01D6F              70           1
        SFR59            01D80-01DEF              70           1
        SFR6             00300-0031F              20           1
        SFR60            01E00-01E6F              70           1
        SFR61            01E80-01EEF              70           1
        SFR62            01F00-01F6F              70           1
        SFR63            01F80-01FEF              70           1
        SFR7             00380-003EF              70           1
        SFR8             00400-0046F              70           1
        SFR9             00480-004EF              70           1
        STACK            0204F-021EF             1A1           1
        STRCODE          00814-00D36             523           2
        STRING           00814-00D36             100           2

                                  Symbol Table

?_ADC_GetConversion                            cstackBANK0  00048
?___wmul                                       cstackBANK0  00048
?i1_ADC_GetConversion                          cstackCOMMON 00070
?i1___wmul                                     cstackCOMMON 00070
ADC_GetConversion@channel                      cstackBANK0  0004B
EUSART1_SetRxInterruptHandler@interruptHandler cstackBANK0  00048
IOCAF5_SetInterruptHandler@InterruptHandler    cstackBANK0  00048
IOCBF6_SetInterruptHandler@InterruptHandler    cstackBANK0  00048
IOCBF7_SetInterruptHandler@InterruptHandler    cstackBANK0  00048
PWM3_LoadDutyValue@dutyValue                   cstackBANK0  00048
PWM4_LoadDutyValue@dutyValue                   cstackBANK0  00048
PWM5_LoadDutyValue@dutyValue                   cstackBANK0  00048
PWM6_LoadDutyValue@dutyValue                   cstackBANK0  00048
TMR0_SetInterruptHandler@InterruptHandler      cstackBANK0  00048
TMR0_WriteTimer@timerVal                       cstackBANK0  00048
TMR1_SetInterruptHandler@InterruptHandler      cstackBANK0  00048
TMR1_WriteTimer@timerVal                       cstackCOMMON 00070
_ADCON0                                        (abs)        0009D
_ADCON0bits                                    (abs)        0009D
_ADCON1                                        (abs)        0009E
_ADC_GetConversion                             text25       00336
_ADC_Initialize                                text25       005D7
_ADRESH                                        (abs)        0009C
_ADRESL                                        (abs)        0009B
_ANSELA                                        (abs)        01F38
_ANSELB                                        (abs)        01F43
_ANSELC                                        (abs)        01F4E
_BAUD1CON                                      (abs)        0011F
_CPUDOZEbits                                   (abs)        0088C
_EUSART1_Initialize                            text54       00D79
_EUSART1_Receive_ISR                           text79       00D53
_EUSART1_RxDefaultInterruptHandler             nvBANK0      0006C
_EUSART1_SetRxInterruptHandler                 text54       00D90
_INTCONbits                                    (abs)        0000B
_INTERRUPT_InterruptManager                    intentry     00004
_IOCAF5_DefaultInterruptHandler                text75       00D37
_IOCAF5_ISR                                    text66       007D9
_IOCAF5_InterruptHandler                       nvCOMMON     00079
_IOCAF5_SetInterruptHandler                    text25       005A7
_IOCAFbits                                     (abs)        01F3F
_IOCANbits                                     (abs)        01F3E
_IOCAPbits                                     (abs)        01F3D
_IOCBF6_DefaultInterruptHandler                text72       00D38
_IOCBF6_ISR                                    text66       007E5
_IOCBF6_InterruptHandler                       nvBANK0      0006A
_IOCBF6_SetInterruptHandler                    text25       005AC
_IOCBF7_DefaultInterruptHandler                text68       00D39
_IOCBF7_ISR                                    text66       007F2
_IOCBF7_InterruptHandler                       nvBANK0      00068
_IOCBF7_SetInterruptHandler                    text25       005B1
_IOCBFbits                                     (abs)        01F4A
_IOCBNbits                                     (abs)        01F49
_IOCBPbits                                     (abs)        01F48
_LATA                                          (abs)        00018
_LATB                                          (abs)        00019
_LATC                                          (abs)        0001A
_NVMADR                                        (abs)        0081A
_NVMADRL                                       (abs)        0081A
_NVMCON1bits                                   (abs)        0081E
_NVMCON2                                       (abs)        0081F
_NVMDAT                                        (abs)        0081C
_ODCONA                                        (abs)        01F3A
_ODCONB                                        (abs)        01F45
_ODCONC                                        (abs)        01F50
_OSCCON1                                       (abs)        0088D
_OSCCON3                                       (abs)        0088F
_OSCEN                                         (abs)        00891
_OSCFRQ                                        (abs)        00893
_OSCILLATOR_Initialize                         text25       005DF
_OSCSTAT                                       (abs)        00890
_OSCTUNE                                       (abs)        00892
_PIE0bits                                      (abs)        00716
_PIE3bits                                      (abs)        00719
_PIE4bits                                      (abs)        0071A
_PIN_MANAGER_IOC                               text66       007CD
_PIN_MANAGER_Initialize                        text25       005E9
_PIR0bits                                      (abs)        0070C
_PIR3bits                                      (abs)        0070F
_PIR4bits                                      (abs)        00710
_PMD0                                          (abs)        00796
_PMD1                                          (abs)        00797
_PMD2                                          (abs)        00798
_PMD3                                          (abs)        00799
_PMD4                                          (abs)        0079A
_PMD5                                          (abs)        0079B
_PMD_Initialize                                text25       00634
_PORTAbits                                     (abs)        0000C
_PORTBbits                                     (abs)        0000D
_PWM3CON                                       (abs)        00316
_PWM3DCH                                       (abs)        00315
_PWM3DCL                                       (abs)        00314
_PWM3_Initialize                               text25       0063C
_PWM3_LoadDutyValue                            text25       003D0
_PWM4CON                                       (abs)        0031A
_PWM4DCH                                       (abs)        00319
_PWM4DCL                                       (abs)        00318
_PWM4_Initialize                               text25       00643
_PWM4_LoadDutyValue                            text25       003BA
_PWM5CON                                       (abs)        0031E
_PWM5DCH                                       (abs)        0031D
_PWM5DCL                                       (abs)        0031C
_PWM5_Initialize                               text25       0064B
_PWM5_LoadDutyValue                            text25       003E6
_PWM6CON                                       (abs)        0038E
_PWM6DCH                                       (abs)        0038D
_PWM6DCL                                       (abs)        0038C
_PWM6_Initialize                               text25       00653
_PWM6_LoadDutyValue                            text25       003FC
_RA2PPS                                        (abs)        01F12
_RC1REG                                        (abs)        00119
_RC1STA                                        (abs)        0011D
_RC1STAbits                                    (abs)        0011D
_RC3PPS                                        (abs)        01F23
_RC5PPS                                        (abs)        01F25
_RC7PPS                                        (abs)        01F27
_SLRCONA                                       (abs)        01F3B
_SLRCONB                                       (abs)        01F46
_SLRCONC                                       (abs)        01F51
_SP1BRGH                                       (abs)        0011C
_SP1BRGL                                       (abs)        0011B
_SYSTEM_Initialize                             text25       005C0
_T0CON0                                        (abs)        0059E
_T0CON0bits                                    (abs)        0059E
_T0CON1                                        (abs)        0059F
_T1CLK                                         (abs)        00211
_T1CON                                         (abs)        0020E
_T1CONbits                                     (abs)        0020E
_T1GATE                                        (abs)        00210
_T1GCON                                        (abs)        0020F
_T2CLKCON                                      (abs)        00290
_T2CON                                         (abs)        0028E
_T2HLT                                         (abs)        0028F
_T2PR                                          (abs)        0028D
_T2RST                                         (abs)        00291
_T2TMR                                         (abs)        0028C
_TMR0H                                         (abs)        0059D
_TMR0L                                         (abs)        0059C
_TMR0_DefaultInterruptHandler                  text63       00003
_TMR0_ISR                                      text62       00D47
_TMR0_Initialize                               text42       00D65
_TMR0_InterruptHandler                         nvBANK0      00066
_TMR0_SetInterruptHandler                      text25       005B6
_TMR0_StartTimer                               text25       00687
_TMR0_StopTimer                                text25       006A1
_TMR0_WriteTimer                               text25       006A4
_TMR1H                                         (abs)        0020D
_TMR1L                                         (abs)        0020C
_TMR1_DefaultInterruptHandler                  text59       007FF
_TMR1_ISR                                      text58       00D95
_TMR1_Initialize                               text25       0065B
_TMR1_InterruptHandler                         nvBANK0      00062
_TMR1_SetInterruptHandler                      text25       005BB
_TMR1_StartTimer                               text25       006F3
_TMR1_StopTimer                                text25       0055D
_TMR1_WriteTimer                               text58       00DA8
_TMR2_Initialize                               text25       00679
_TRISA                                         (abs)        00012
_TRISB                                         (abs)        00013
_TRISC                                         (abs)        00014
_TX1STA                                        (abs)        0011E
_VBAT                                          bssBANK0     0003C
_WPUA                                          (abs)        01F39
_WPUB                                          (abs)        01F44
_WPUC                                          (abs)        01F4F
__CFG_BBEN$OFF                                 (abs)        00000
__CFG_BBSIZE$BB512                             (abs)        00000
__CFG_BOREN$ON                                 (abs)        00000
__CFG_BORV$LO                                  (abs)        00000
__CFG_CLKOUTEN$OFF                             (abs)        00000
__CFG_CP$OFF                                   (abs)        00000
__CFG_CSWEN$ON                                 (abs)        00000
__CFG_FCMEN$ON                                 (abs)        00000
__CFG_FEXTOSC$OFF                              (abs)        00000
__CFG_LPBOREN$OFF                              (abs)        00000
__CFG_LVP$ON                                   (abs)        00000
__CFG_MCLRE$ON                                 (abs)        00000
__CFG_PPS1WAY$ON                               (abs)        00000
__CFG_PWRTE$OFF                                (abs)        00000
__CFG_RSTOSC$HFINT1                            (abs)        00000
__CFG_SAFEN$OFF                                (abs)        00000
__CFG_STVREN$ON                                (abs)        00000
__CFG_WDTCCS$SC                                (abs)        00000
__CFG_WDTCPS$WDTCPS_31                         (abs)        00000
__CFG_WDTCWS$WDTCWS_7                          (abs)        00000
__CFG_WDTE$OFF                                 (abs)        00000
__CFG_WRTAPP$OFF                               (abs)        00000
__CFG_WRTB$OFF                                 (abs)        00000
__CFG_WRTC$OFF                                 (abs)        00000
__CFG_WRTSAF$OFF                               (abs)        00000
__CFG_ZCD$OFF                                  (abs)        00000
__Habs1                                        abs1         00000
__Hbank0                                       bank0        00000
__Hbank1                                       bank1        00000
__Hbank10                                      bank10       00000
__Hbank11                                      bank11       00000
__Hbank12                                      bank12       00000
__Hbank13                                      bank13       00000
__Hbank14                                      bank14       00000
__Hbank15                                      bank15       00000
__Hbank16                                      bank16       00000
__Hbank17                                      bank17       00000
__Hbank18                                      bank18       00000
__Hbank19                                      bank19       00000
__Hbank2                                       bank2        00000
__Hbank20                                      bank20       00000
__Hbank21                                      bank21       00000
__Hbank22                                      bank22       00000
__Hbank23                                      bank23       00000
__Hbank24                                      bank24       00000
__Hbank25                                      bank25       00000
__Hbank26                                      bank26       00000
__Hbank27                                      bank27       00000
__Hbank28                                      bank28       00000
__Hbank29                                      bank29       00000
__Hbank3                                       bank3        00000
__Hbank30                                      bank30       00000
__Hbank31                                      bank31       00000
__Hbank32                                      bank32       00000
__Hbank33                                      bank33       00000
__Hbank34                                      bank34       00000
__Hbank35                                      bank35       00000
__Hbank36                                      bank36       00000
__Hbank37                                      bank37       00000
__Hbank38                                      bank38       00000
__Hbank39                                      bank39       00000
__Hbank4                                       bank4        00000
__Hbank40                                      bank40       00000
__Hbank41                                      bank41       00000
__Hbank42                                      bank42       00000
__Hbank43                                      bank43       00000
__Hbank44                                      bank44       00000
__Hbank45                                      bank45       00000
__Hbank46                                      bank46       00000
__Hbank47                                      bank47       00000
__Hbank48                                      bank48       00000
__Hbank49                                      bank49       00000
__Hbank5                                       bank5        00000
__Hbank50                                      bank50       00000
__Hbank51                                      bank51       00000
__Hbank52                                      bank52       00000
__Hbank53                                      bank53       00000
__Hbank54                                      bank54       00000
__Hbank55                                      bank55       00000
__Hbank56                                      bank56       00000
__Hbank57                                      bank57       00000
__Hbank58                                      bank58       00000
__Hbank59                                      bank59       00000
__Hbank6                                       bank6        00000
__Hbank60                                      bank60       00000
__Hbank61                                      bank61       00000
__Hbank62                                      bank62       00000
__Hbank63                                      bank63       00000
__Hbank7                                       bank7        00000
__Hbank8                                       bank8        00000
__Hbank9                                       bank9        00000
__Hbigram                                      bigram       00000
__HbssBANK0                                    bssBANK0     00000
__HbssCOMMON                                   bssCOMMON    00000
__Hcinit                                       cinit        00038
__Hclrtext                                     clrtext      00000
__Hcode                                        code         00000
__Hcommon                                      common       00000
__Hconfig                                      config       0800C
__HcstackBANK0                                 cstackBANK0  00000
__HcstackCOMMON                                cstackCOMMON 00000
__Heeprom_data                                 eeprom_data  00000
__Hend_init                                    end_init     0002A
__Hfunctab                                     functab      00000
__Hidloc                                       idloc        00000
__Hinit                                        init         00028
__Hintentry                                    intentry     00028
__Hmaintext                                    maintext     00000
__HnvBANK0                                     nvBANK0      00000
__HnvCOMMON                                    nvCOMMON     00000
__Hpa_nodes0                                   pa_nodes0    00000
__Hpowerup                                     powerup      00000
__Hram                                         ram          00000
__Hreset_vec                                   reset_vec    00003
__Hsfr0                                        sfr0         00000
__Hsfr1                                        sfr1         00000
__Hsfr10                                       sfr10        00000
__Hsfr11                                       sfr11        00000
__Hsfr12                                       sfr12        00000
__Hsfr13                                       sfr13        00000
__Hsfr14                                       sfr14        00000
__Hsfr15                                       sfr15        00000
__Hsfr16                                       sfr16        00000
__Hsfr17                                       sfr17        00000
__Hsfr18                                       sfr18        00000
__Hsfr19                                       sfr19        00000
__Hsfr2                                        sfr2         00000
__Hsfr20                                       sfr20        00000
__Hsfr21                                       sfr21        00000
__Hsfr22                                       sfr22        00000
__Hsfr23                                       sfr23        00000
__Hsfr24                                       sfr24        00000
__Hsfr25                                       sfr25        00000
__Hsfr26                                       sfr26        00000
__Hsfr27                                       sfr27        00000
__Hsfr28                                       sfr28        00000
__Hsfr29                                       sfr29        00000
__Hsfr3                                        sfr3         00000
__Hsfr30                                       sfr30        00000
__Hsfr31                                       sfr31        00000
__Hsfr32                                       sfr32        00000
__Hsfr33                                       sfr33        00000
__Hsfr34                                       sfr34        00000
__Hsfr35                                       sfr35        00000
__Hsfr36                                       sfr36        00000
__Hsfr37                                       sfr37        00000
__Hsfr38                                       sfr38        00000
__Hsfr39                                       sfr39        00000
__Hsfr4                                        sfr4         00000
__Hsfr40                                       sfr40        00000
__Hsfr41                                       sfr41        00000
__Hsfr42                                       sfr42        00000
__Hsfr43                                       sfr43        00000
__Hsfr44                                       sfr44        00000
__Hsfr45                                       sfr45        00000
__Hsfr46                                       sfr46        00000
__Hsfr47                                       sfr47        00000
__Hsfr48                                       sfr48        00000
__Hsfr49                                       sfr49        00000
__Hsfr5                                        sfr5         00000
__Hsfr50                                       sfr50        00000
__Hsfr51                                       sfr51        00000
__Hsfr52                                       sfr52        00000
__Hsfr53                                       sfr53        00000
__Hsfr54                                       sfr54        00000
__Hsfr55                                       sfr55        00000
__Hsfr56                                       sfr56        00000
__Hsfr57                                       sfr57        00000
__Hsfr58                                       sfr58        00000
__Hsfr59                                       sfr59        00000
__Hsfr6                                        sfr6         00000
__Hsfr60                                       sfr60        00000
__Hsfr61                                       sfr61        00000
__Hsfr62                                       sfr62        00000
__Hsfr63                                       sfr63        00000
__Hsfr7                                        sfr7         00000
__Hsfr8                                        sfr8         00000
__Hsfr9                                        sfr9         00000
__Hspace_0                                     (abs)        0800C
__Hspace_1                                     (abs)        0007B
__Hspace_2                                     (abs)        00000
__Hspace_3                                     (abs)        00000
__Hstack                                       stack        00000
__Hstrings                                     strings      00000
__Htext                                        text         00000
__Labs1                                        abs1         00000
__Lbank0                                       bank0        00000
__Lbank1                                       bank1        00000
__Lbank10                                      bank10       00000
__Lbank11                                      bank11       00000
__Lbank12                                      bank12       00000
__Lbank13                                      bank13       00000
__Lbank14                                      bank14       00000
__Lbank15                                      bank15       00000
__Lbank16                                      bank16       00000
__Lbank17                                      bank17       00000
__Lbank18                                      bank18       00000
__Lbank19                                      bank19       00000
__Lbank2                                       bank2        00000
__Lbank20                                      bank20       00000
__Lbank21                                      bank21       00000
__Lbank22                                      bank22       00000
__Lbank23                                      bank23       00000
__Lbank24                                      bank24       00000
__Lbank25                                      bank25       00000
__Lbank26                                      bank26       00000
__Lbank27                                      bank27       00000
__Lbank28                                      bank28       00000
__Lbank29                                      bank29       00000
__Lbank3                                       bank3        00000
__Lbank30                                      bank30       00000
__Lbank31                                      bank31       00000
__Lbank32                                      bank32       00000
__Lbank33                                      bank33       00000
__Lbank34                                      bank34       00000
__Lbank35                                      bank35       00000
__Lbank36                                      bank36       00000
__Lbank37                                      bank37       00000
__Lbank38                                      bank38       00000
__Lbank39                                      bank39       00000
__Lbank4                                       bank4        00000
__Lbank40                                      bank40       00000
__Lbank41                                      bank41       00000
__Lbank42                                      bank42       00000
__Lbank43                                      bank43       00000
__Lbank44                                      bank44       00000
__Lbank45                                      bank45       00000
__Lbank46                                      bank46       00000
__Lbank47                                      bank47       00000
__Lbank48                                      bank48       00000
__Lbank49                                      bank49       00000
__Lbank5                                       bank5        00000
__Lbank50                                      bank50       00000
__Lbank51                                      bank51       00000
__Lbank52                                      bank52       00000
__Lbank53                                      bank53       00000
__Lbank54                                      bank54       00000
__Lbank55                                      bank55       00000
__Lbank56                                      bank56       00000
__Lbank57                                      bank57       00000
__Lbank58                                      bank58       00000
__Lbank59                                      bank59       00000
__Lbank6                                       bank6        00000
__Lbank60                                      bank60       00000
__Lbank61                                      bank61       00000
__Lbank62                                      bank62       00000
__Lbank63                                      bank63       00000
__Lbank7                                       bank7        00000
__Lbank8                                       bank8        00000
__Lbank9                                       bank9        00000
__Lbigram                                      bigram       00000
__LbssBANK0                                    bssBANK0     00000
__LbssCOMMON                                   bssCOMMON    00000
__Lcinit                                       cinit        0002A
__Lclrtext                                     clrtext      00000
__Lcode                                        code         00000
__Lcommon                                      common       00000
__Lconfig                                      config       08007
__LcstackBANK0                                 cstackBANK0  00000
__LcstackCOMMON                                cstackCOMMON 00000
__Leeprom_data                                 eeprom_data  00000
__Lend_init                                    end_init     00028
__Lfunctab                                     functab      00000
__Lidloc                                       idloc        00000
__Linit                                        init         00028
__Lintentry                                    intentry     00004
__Lmaintext                                    maintext     00000
__LnvBANK0                                     nvBANK0      00000
__LnvCOMMON                                    nvCOMMON     00000
__Lpa_nodes0                                   pa_nodes0    00000
__Lpowerup                                     powerup      00000
__Lram                                         ram          00000
__Lreset_vec                                   reset_vec    00000
__Lsfr0                                        sfr0         00000
__Lsfr1                                        sfr1         00000
__Lsfr10                                       sfr10        00000
__Lsfr11                                       sfr11        00000
__Lsfr12                                       sfr12        00000
__Lsfr13                                       sfr13        00000
__Lsfr14                                       sfr14        00000
__Lsfr15                                       sfr15        00000
__Lsfr16                                       sfr16        00000
__Lsfr17                                       sfr17        00000
__Lsfr18                                       sfr18        00000
__Lsfr19                                       sfr19        00000
__Lsfr2                                        sfr2         00000
__Lsfr20                                       sfr20        00000
__Lsfr21                                       sfr21        00000
__Lsfr22                                       sfr22        00000
__Lsfr23                                       sfr23        00000
__Lsfr24                                       sfr24        00000
__Lsfr25                                       sfr25        00000
__Lsfr26                                       sfr26        00000
__Lsfr27                                       sfr27        00000
__Lsfr28                                       sfr28        00000
__Lsfr29                                       sfr29        00000
__Lsfr3                                        sfr3         00000
__Lsfr30                                       sfr30        00000
__Lsfr31                                       sfr31        00000
__Lsfr32                                       sfr32        00000
__Lsfr33                                       sfr33        00000
__Lsfr34                                       sfr34        00000
__Lsfr35                                       sfr35        00000
__Lsfr36                                       sfr36        00000
__Lsfr37                                       sfr37        00000
__Lsfr38                                       sfr38        00000
__Lsfr39                                       sfr39        00000
__Lsfr4                                        sfr4         00000
__Lsfr40                                       sfr40        00000
__Lsfr41                                       sfr41        00000
__Lsfr42                                       sfr42        00000
__Lsfr43                                       sfr43        00000
__Lsfr44                                       sfr44        00000
__Lsfr45                                       sfr45        00000
__Lsfr46                                       sfr46        00000
__Lsfr47                                       sfr47        00000
__Lsfr48                                       sfr48        00000
__Lsfr49                                       sfr49        00000
__Lsfr5                                        sfr5         00000
__Lsfr50                                       sfr50        00000
__Lsfr51                                       sfr51        00000
__Lsfr52                                       sfr52        00000
__Lsfr53                                       sfr53        00000
__Lsfr54                                       sfr54        00000
__Lsfr55                                       sfr55        00000
__Lsfr56                                       sfr56        00000
__Lsfr57                                       sfr57        00000
__Lsfr58                                       sfr58        00000
__Lsfr59                                       sfr59        00000
__Lsfr6                                        sfr6         00000
__Lsfr60                                       sfr60        00000
__Lsfr61                                       sfr61        00000
__Lsfr62                                       sfr62        00000
__Lsfr63                                       sfr63        00000
__Lsfr7                                        sfr7         00000
__Lsfr8                                        sfr8         00000
__Lsfr9                                        sfr9         00000
__Lspace_0                                     (abs)        00000
__Lspace_1                                     (abs)        00000
__Lspace_2                                     (abs)        00000
__Lspace_3                                     (abs)        00000
__Lstack                                       stack        00000
__Lstrings                                     strings      00000
__Ltext                                        text         00000
__S0                                           (abs)        0800C
__S1                                           (abs)        0007B
__S2                                           (abs)        00000
___int_sp                                      stack        00000
___latbits                                     (abs)        00001
___sp                                          stack        00000
___wmul                                        text25       006CF
___wmul@multiplicand                           cstackBANK0  0004A
___wmul@multiplier                             cstackBANK0  00048
___wmul@product                                cstackBANK0  0004C
__end_of_ADC_GetConversion                     text25       003BA
__end_of_ADC_Initialize                        text25       005DF
__end_of_EUSART1_Initialize                    text54       00D90
__end_of_EUSART1_Receive_ISR                   text79       00D65
__end_of_EUSART1_SetRxInterruptHandler         text54       00D95
__end_of_INTERRUPT_InterruptManager            intentry     00028
__end_of_IOCAF5_DefaultInterruptHandler        text75       00D38
__end_of_IOCAF5_ISR                            text66       007E5
__end_of_IOCAF5_SetInterruptHandler            text25       005AC
__end_of_IOCBF6_DefaultInterruptHandler        text72       00D39
__end_of_IOCBF6_ISR                            text66       007F2
__end_of_IOCBF6_SetInterruptHandler            text25       005B1
__end_of_IOCBF7_DefaultInterruptHandler        text68       00D3A
__end_of_IOCBF7_ISR                            text66       007FF
__end_of_IOCBF7_SetInterruptHandler            text25       005B6
__end_of_OSCILLATOR_Initialize                 text25       005E9
__end_of_PIN_MANAGER_IOC                       text66       007D9
__end_of_PIN_MANAGER_Initialize                text25       00634
__end_of_PMD_Initialize                        text25       0063C
__end_of_PWM3_Initialize                       text25       00643
__end_of_PWM3_LoadDutyValue                    text25       003E6
__end_of_PWM4_Initialize                       text25       0064B
__end_of_PWM4_LoadDutyValue                    text25       003D0
__end_of_PWM5_Initialize                       text25       00653
__end_of_PWM5_LoadDutyValue                    text25       003FC
__end_of_PWM6_Initialize                       text25       0065B
__end_of_PWM6_LoadDutyValue                    text25       00412
__end_of_SYSTEM_Initialize                     text25       005D7
__end_of_TMR0_DefaultInterruptHandler          text63       00004
__end_of_TMR0_ISR                              text62       00D53
__end_of_TMR0_Initialize                       text42       00D79
__end_of_TMR0_SetInterruptHandler              text25       005BB
__end_of_TMR0_StartTimer                       text25       00689
__end_of_TMR0_StopTimer                        text25       006A4
__end_of_TMR0_WriteTimer                       text25       006A9
__end_of_TMR1_DefaultInterruptHandler          text59       00800
__end_of_TMR1_ISR                              text58       00DA8
__end_of_TMR1_Initialize                       text25       00679
__end_of_TMR1_SetInterruptHandler              text25       005C0
__end_of_TMR1_StartTimer                       text25       006F6
__end_of_TMR1_StopTimer                        text25       00560
__end_of_TMR1_WriteTimer                       text58       00DB7
__end_of_TMR2_Initialize                       text25       00687
__end_of___wmul                                text25       006E4
__end_of__initialization                       cinit        00034
__end_of_batteryGetStatus                      text25       006CF
__end_of_buttChangeInt                         text73       0077E
__end_of_defaultValues                         text25       006E8
__end_of_eraseFlashData                        text28       00E64
__end_of_initValues                            text25       00066
__end_of_led1Off                               text25       0055D
__end_of_led1On                                text25       00325
__end_of_led2Off                               text25       00329
__end_of_led2On                                text25       00336
__end_of_led3Off                               text25       0032D
__end_of_led3On                                text25       005A7
__end_of_led4Off                               text25       00331
__end_of_led4On                                text25       005A2
__end_of_ledBatteryCharged                     text25       001AB
__end_of_ledBatteryCharging                    text25       00224
__end_of_ledBatteryLow                         text25       00136
__end_of_ledDrinkAlert                         text25       00559
__end_of_ledMinutes                            text25       0059D
__end_of_ledRestore                            text25       00174
__end_of_ledSave                               text25       00291
__end_of_ledSip                                text25       00320
__end_of_main                                  text25       0052B
__end_of_minuteInt                             text73       007B5
__end_of_modeChangeTime                        text25       000BB
__end_of_readFlashData                         text30       00DDF
__end_of_readValues                            text25       006F3
__end_of_storeValues                           text25       006A1
__end_of_tiltChange                            text73       00738
__end_of_timer1Int                             text60       00D47
__end_of_welcomeLeds                           text25       000F9
__end_of_writeFlashData                        text27       00EC0
__end_ofi1_ADC_GetConversion                   text69       00E1A
__end_ofi1_TMR1_StartTimer                     text73       007B8
__end_ofi1_TMR1_StopTimer                      text73       00781
__end_ofi1___wmul                              text73       007CD
__end_ofi1_batteryGetStatus                    text69       00E02
__initialization                               cinit        0002A
__pbssBANK0                                    bssBANK0     00020
__pbssCOMMON                                   bssCOMMON    00076
__pcstackBANK0                                 cstackBANK0  00048
__pcstackCOMMON                                cstackCOMMON 00070
__pintentry                                    intentry     00004
__pmaintext                                    text25       00412
__pnvBANK0                                     nvBANK0      00062
__pnvCOMMON                                    nvCOMMON     00079
__pswtext1                                     swtext1      00800
__ptext1                                       text25       000BB
__ptext10                                      text25       000F9
__ptext11                                      text25       001AB
__ptext12                                      text25       00174
__ptext13                                      text25       0059D
__ptext14                                      text25       0032D
__ptext15                                      text25       003FC
__ptext16                                      text25       005A2
__ptext17                                      text25       00329
__ptext18                                      text25       003E6
__ptext19                                      text25       00331
__ptext2                                       text25       00066
__ptext20                                      text25       00325
__ptext21                                      text25       003BA
__ptext22                                      text25       00320
__ptext23                                      text25       00559
__ptext24                                      text25       003D0
__ptext25                                      text25       00038
__ptext26                                      text25       00689
__ptext27                                      text27       00E64
__ptext28                                      text28       00E1A
__ptext29                                      text25       006E8
__ptext3                                       text25       00224
__ptext30                                      text30       00DB7
__ptext31                                      text25       006E4
__ptext32                                      text25       006CF
__ptext33                                      text25       006A9
__ptext34                                      text25       00336
__ptext35                                      text25       006A4
__ptext36                                      text25       006A1
__ptext37                                      text25       00687
__ptext38                                      text25       005C0
__ptext39                                      text25       00679
__ptext4                                       text25       0055D
__ptext40                                      text25       0065B
__ptext41                                      text25       005BB
__ptext42                                      text42       00D65
__ptext43                                      text25       005B6
__ptext44                                      text25       00653
__ptext45                                      text25       0064B
__ptext46                                      text25       00643
__ptext47                                      text25       0063C
__ptext48                                      text25       00634
__ptext49                                      text25       005E9
__ptext5                                       text25       006F3
__ptext50                                      text25       005B1
__ptext51                                      text25       005AC
__ptext52                                      text25       005A7
__ptext53                                      text25       005DF
__ptext54                                      text54       00D79
__ptext55                                      text54       00D90
__ptext56                                      text25       005D7
__ptext58                                      text58       00D95
__ptext59                                      text59       007FF
__ptext6                                       text25       00291
__ptext60                                      text60       00D40
__ptext61                                      text58       00DA8
__ptext62                                      text62       00D47
__ptext63                                      text63       00003
__ptext64                                      text73       00781
__ptext65                                      text73       007B8
__ptext66                                      text66       007CD
__ptext67                                      text66       007F2
__ptext68                                      text68       00D39
__ptext69                                      text69       00DDF
__ptext7                                       text25       00136
__ptext70                                      text69       00E02
__ptext71                                      text66       007E5
__ptext72                                      text72       00D38
__ptext73                                      text73       006F6
__ptext74                                      text66       007D9
__ptext75                                      text75       00D37
__ptext76                                      text73       00738
__ptext77                                      text73       0077E
__ptext78                                      text73       007B5
__ptext79                                      text79       00D53
__ptext8                                       text25       0052B
__ptext9                                       text25       00560
__size_of_ADC_GetConversion                    (abs)        00000
__size_of_ADC_Initialize                       (abs)        00000
__size_of_EUSART1_Initialize                   (abs)        00000
__size_of_EUSART1_Receive_ISR                  (abs)        00000
__size_of_EUSART1_SetRxInterruptHandler        (abs)        00000
__size_of_INTERRUPT_InterruptManager           (abs)        00000
__size_of_IOCAF5_DefaultInterruptHandler       (abs)        00000
__size_of_IOCAF5_ISR                           (abs)        00000
__size_of_IOCAF5_SetInterruptHandler           (abs)        00000
__size_of_IOCBF6_DefaultInterruptHandler       (abs)        00000
__size_of_IOCBF6_ISR                           (abs)        00000
__size_of_IOCBF6_SetInterruptHandler           (abs)        00000
__size_of_IOCBF7_DefaultInterruptHandler       (abs)        00000
__size_of_IOCBF7_ISR                           (abs)        00000
__size_of_IOCBF7_SetInterruptHandler           (abs)        00000
__size_of_OSCILLATOR_Initialize                (abs)        00000
__size_of_PIN_MANAGER_IOC                      (abs)        00000
__size_of_PIN_MANAGER_Initialize               (abs)        00000
__size_of_PMD_Initialize                       (abs)        00000
__size_of_PWM3_Initialize                      (abs)        00000
__size_of_PWM3_LoadDutyValue                   (abs)        00000
__size_of_PWM4_Initialize                      (abs)        00000
__size_of_PWM4_LoadDutyValue                   (abs)        00000
__size_of_PWM5_Initialize                      (abs)        00000
__size_of_PWM5_LoadDutyValue                   (abs)        00000
__size_of_PWM6_Initialize                      (abs)        00000
__size_of_PWM6_LoadDutyValue                   (abs)        00000
__size_of_SYSTEM_Initialize                    (abs)        00000
__size_of_TMR0_DefaultInterruptHandler         (abs)        00000
__size_of_TMR0_ISR                             (abs)        00000
__size_of_TMR0_Initialize                      (abs)        00000
__size_of_TMR0_SetInterruptHandler             (abs)        00000
__size_of_TMR0_StartTimer                      (abs)        00000
__size_of_TMR0_StopTimer                       (abs)        00000
__size_of_TMR0_WriteTimer                      (abs)        00000
__size_of_TMR1_DefaultInterruptHandler         (abs)        00000
__size_of_TMR1_ISR                             (abs)        00000
__size_of_TMR1_Initialize                      (abs)        00000
__size_of_TMR1_SetInterruptHandler             (abs)        00000
__size_of_TMR1_StartTimer                      (abs)        00000
__size_of_TMR1_StopTimer                       (abs)        00000
__size_of_TMR1_WriteTimer                      (abs)        00000
__size_of_TMR2_Initialize                      (abs)        00000
__size_of___wmul                               (abs)        00000
__size_of_batteryGetStatus                     (abs)        00000
__size_of_buttChangeInt                        (abs)        00000
__size_of_defaultValues                        (abs)        00000
__size_of_eraseFlashData                       (abs)        00000
__size_of_initValues                           (abs)        00000
__size_of_led1Off                              (abs)        00000
__size_of_led1On                               (abs)        00000
__size_of_led2Off                              (abs)        00000
__size_of_led2On                               (abs)        00000
__size_of_led3Off                              (abs)        00000
__size_of_led3On                               (abs)        00000
__size_of_led4Off                              (abs)        00000
__size_of_led4On                               (abs)        00000
__size_of_ledBatteryCharged                    (abs)        00000
__size_of_ledBatteryCharging                   (abs)        00000
__size_of_ledBatteryLow                        (abs)        00000
__size_of_ledDrinkAlert                        (abs)        00000
__size_of_ledMinutes                           (abs)        00000
__size_of_ledRestore                           (abs)        00000
__size_of_ledSave                              (abs)        00000
__size_of_ledSip                               (abs)        00000
__size_of_main                                 (abs)        00000
__size_of_minuteInt                            (abs)        00000
__size_of_modeChangeTime                       (abs)        00000
__size_of_readFlashData                        (abs)        00000
__size_of_readValues                           (abs)        00000
__size_of_storeValues                          (abs)        00000
__size_of_tiltChange                           (abs)        00000
__size_of_timer1Int                            (abs)        00000
__size_of_welcomeLeds                          (abs)        00000
__size_of_writeFlashData                       (abs)        00000
__size_ofi1_ADC_GetConversion                  (abs)        00000
__size_ofi1_TMR1_StartTimer                    (abs)        00000
__size_ofi1_TMR1_StopTimer                     (abs)        00000
__size_ofi1___wmul                             (abs)        00000
__size_ofi1_batteryGetStatus                   (abs)        00000
_app                                           bssBANK0     00047
_batt_stat                                     bssBANK0     0003E
_batteryGetStatus                              text25       006A9
_batteryGetStatus$intlevel0                    text25       006AD
_buttChangeInt                                 text73       00738
_button_cont_en                                bssBANK0     00046
_button_time_cont                              bssBANK0     00030
_defaultValues                                 text25       006E4
_eraseFlashData                                text28       00E1A
_eusart1RxBuffer                               bssBANK0     00020
_eusart1RxCount                                bssCOMMON    00076
_eusart1RxHead                                 bssCOMMON    00078
_eusart1RxTail                                 bssCOMMON    00077
_flag_update_mem                               nvBANK0      0006E
_initValues                                    text25       00038
_led1Off                                       text25       00559
_led1On                                        text25       00320
_led2Off                                       text25       00325
_led2On                                        text25       00331
_led3Off                                       text25       00329
_led3On                                        text25       005A2
_led4Off                                       text25       0032D
_led4On                                        text25       0059D
_ledBatteryCharged                             text25       00174
_ledBatteryCharging                            text25       001AB
_ledBatteryLow                                 text25       000F9
_ledDrinkAlert                                 text25       0052B
_ledMinutes                                    text25       00560
_ledRestore                                    text25       00136
_ledSave                                       text25       00224
_ledSip                                        text25       00291
_main                                          text25       00412
_minuteInt                                     text73       00781
_minutes_count                                 bssBANK0     00034
_modeChangeTime                                text25       00066
_push_change_event                             bssBANK0     00043
_push_restore_event                            bssBANK0     00042
_push_single_event                             bssBANK0     00041
_readFlashData                                 text30       00DB7
_readValues                                    text25       006E8
_sip_event                                     bssBANK0     00040
_snooze_cont_en                                bssBANK0     00044
_snooze_event                                  bssBANK0     0003F
_snooze_time_cont                              bssBANK0     00028
_storeValues                                   text25       00689
_tick_100ms                                    bssBANK0     00038
_tiltChange                                    text73       006F6
_tilt_cont_en                                  bssBANK0     00045
_tilt_time_cont                                bssBANK0     0002C
_timer1Int                                     text60       00D40
_timer1ReloadVal                               nvBANK0      00064
_welcomeLeds                                   text25       000BB
_writeFlashData                                text27       00E64
btemp                                          (abs)        0007E
clear_ram0                                     clrtext      00D3A
end_of_initialization                          cinit        00034
eraseFlashData@add                             cstackBANK0  00048
eraseFlashData@flagGIE                         cstackBANK0  00050
eraseFlashData@idx                             cstackBANK0  00053
eraseFlashData@rows                            cstackBANK0  00051
eraseFlashData@size                            cstackBANK0  0004A
i1ADC_GetConversion@channel                    cstackCOMMON 00073
i1_ADC_GetConversion                           text69       00E02
i1_TMR1_StartTimer                             text73       007B5
i1_TMR1_StopTimer                              text73       0077E
i1___wmul                                      text73       007B8
i1___wmul@multiplicand                         cstackCOMMON 00072
i1___wmul@multiplier                           cstackCOMMON 00070
i1___wmul@product                              cstackCOMMON 00074
i1_batteryGetStatus                            text69       00DDF
int$flags                                      (abs)        0007E
intlevel0                                      functab      00000
intlevel1                                      functab      00000
intlevel2                                      functab      00000
intlevel3                                      functab      00000
intlevel4                                      functab      00000
intlevel5                                      functab      00000
ledBatteryLow@pwm_val                          cstackBANK0  0004C
ledRestore@pwm_val                             cstackBANK0  0004C
modeChangeTime@initial_time                    cstackBANK0  00059
modeChangeTime@mode                            cstackBANK0  0005D
readFlashData@add                              cstackBANK0  00048
readFlashData@data_w14b                        cstackBANK0  0004A
readFlashData@idx                              cstackBANK0  0004E
readFlashData@size                             cstackBANK0  0004B
reset_vec                                      reset_vec    00000
stackhi                                        (abs)        021EF
stacklo                                        (abs)        0204F
start                                          init         00028
start_initialization                           cinit        0002A
writeFlashData@add                             cstackBANK0  00048
writeFlashData@data                            cstackBANK0  0004E
writeFlashData@data_w14b                       cstackBANK0  0004A
writeFlashData@flagGIE                         cstackBANK0  0004F
writeFlashData@idx                             cstackBANK0  00050
writeFlashData@size                            cstackBANK0  0004B
wtemp0                                         (abs)        0007E


FUNCTION INFORMATION:

 *************** function _main *****************
 Defined at:
		line 51 in file "main.c"
 Parameters:    Size  Location     Type
		None
 Auto vars:     Size  Location     Type
		None
 Return value:  Size  Location     Type
                  1    wreg      void 
 Registers used:
		wreg, fsr0l, fsr0h, fsr1l, fsr1h, status,2, status,0, pclath, cstack
 Tracked objects:
		On entry : 
[...]
Total ram usage:        0 bytes
 Hardware stack levels used:    1
 Hardware stack levels required when called:    3
 This function calls:
		_IOCAF5_ISR
		_IOCBF6_ISR
		_IOCBF7_ISR
 This function is called by:
		_INTERRUPT_InterruptManager
 This function uses a non-reentrant model


 *************** function _IOCBF7_ISR *****************
 Defined at:
		line 227 in file "mcc_generated_files/pin_manager.c"
 Parameters:    Size  Location     Type
		None
 Auto vars:     Size  Location     Type
		None
 Return value:  Size  Location     Type
                  1    wreg      void 
 Registers used:
		wreg, status,2, status,0, pclath, cstack
 Tracked objects:
		On entry : 
		On exit  : 
		Unchanged: 
 Data sizes:     COMMON   BANK0   BANK1   BANK2   BANK3   BANK4   BANK5   BANK6
      Params:         0       0       0       0       0       0       0       0
      Locals:         0       0       0       0       0       0       0       0
      Temps:          0       0       0       0       0       0       0       0
      Totals:         0       0       0       0       0       0       0       0
Total ram usage:        0 bytes
 Hardware stack levels used:    1
 Hardware stack levels required when called:    2
 This function calls:
		Absolute function
		_IOCBF7_DefaultInterruptHandler
		i1_batteryGetStatus
 This function is called by:
		_PIN_MANAGER_IOC
 This function uses a non-reentrant model


 *************** function _IOCBF7_DefaultInterruptHandler *****************
 Defined at:
		line 249 in file "mcc_generated_files/pin_manager.c"
 Parameters:    Size  Location     Type
		None
 Auto vars:     Size  Location     Type
		None
 Return value:  Size  Location     Type
                  1    wreg      void 
 Registers used:
		None
 Tracked objects:
		On entry : 
		On exit  : 
		Unchanged: 
 Data sizes:     COMMON   BANK0   BANK1   BANK2   BANK3   BANK4   BANK5   BANK6
      Params:         0       0       0       0       0       0       0       0
      Locals:         0       0       0       0       0       0       0       0
      Temps:          0       0       0       0       0       0       0       0
      Totals:         0       0       0       0       0       0       0       0
Total ram usage:        0 bytes
 Hardware stack levels used:    1
 This function calls:
		Nothing
 This function is called by:
		_PIN_MANAGER_Initialize
		_IOCBF7_ISR
 This function uses a non-reentrant model


 *************** function i1_batteryGetStatus *****************
 Defined at:
		line 243 in file "app.c"
 Parameters:    Size  Location     Type
		None
 Auto vars:     Size  Location     Type
		None
 Return value:  Size  Location     Type
                  1    wreg      void 
 Registers used:
		wreg, status,2, status,0, pclath, cstack
 Tracked objects:
		On entry : 
		On exit  : 
		Unchanged: 
 Data sizes:     COMMON   BANK0   BANK1   BANK2   BANK3   BANK4   BANK5   BANK6
      Params:         0       0       0       0       0       0       0       0
      Locals:         0       0       0       0       0       0       0       0
      Temps:          0       0       0       0       0       0       0       0
      Totals:         0       0       0       0       0       0       0       0
Total ram usage:        0 bytes
 Hardware stack levels used:    1
 Hardware stack levels required when called:    1
 This function calls:
		i1_ADC_GetConversion
 This function is called by:
		_IOCBF7_ISR
 This function uses a non-reentrant model


 *************** function i1_ADC_GetConversion *****************
 Defined at:
		line 110 in file "mcc_generated_files/adc.c"
 Parameters:    Size  Location     Type
  channel         1    wreg     enum E6599
 Auto vars:     Size  Location     Type
  channel         1    3[COMMON] enum E6599
 Return value:  Size  Location     Type
                  2    0[COMMON] unsigned int 
 Registers used:
		wreg, status,2, status,0
 Tracked objects:
		On entry : 
		On exit  : 
		Unchanged: 
 Data sizes:     COMMON   BANK0   BANK1   BANK2   BANK3   BANK4   BANK5   BANK6
      Params:         2       0       0       0       0       0       0       0
      Locals:         1       0       0       0       0       0       0       0
      Temps:          1       0       0       0       0       0       0       0
      Totals:         4       0       0       0       0       0       0       0
Total ram usage:        4 bytes
 Hardware stack levels used:    1
 This function calls:
		Nothing
 This function is called by:
		i1_batteryGetStatus
 This function uses a non-reentrant model


 *************** function _IOCBF6_ISR *****************
 Defined at:
		line 197 in file "mcc_generated_files/pin_manager.c"
 Parameters:    Size  Location     Type
		None
 Auto vars:     Size  Location     Type
		None
 Return value:  Size  Location     Type
                  1    wreg      void 
 Registers used:
		wreg, status,2, status,0, pclath, cstack
 Tracked objects:
		On entry : 
		On exit  : 
		Unchanged: 
 Data sizes:     COMMON   BANK0   BANK1   BANK2   BANK3   BANK4   BANK5   BANK6
      Params:         0       0       0       0       0       0       0       0
      Locals:         0       0       0       0       0       0       0       0
      Temps:          0       0       0       0       0       0       0       0
      Totals:         0       0       0       0       0       0       0       0
Total ram usage:        0 bytes
 Hardware stack levels used:    1
 Hardware stack levels required when called:    2
 This function calls:
		Absolute function
		_IOCBF6_DefaultInterruptHandler
		_tiltChange
 This function is called by:
		_PIN_MANAGER_IOC
 This function uses a non-reentrant model


 *************** function _IOCBF6_DefaultInterruptHandler *****************
 Defined at:
		line 219 in file "mcc_generated_files/pin_manager.c"
 Parameters:    Size  Location     Type
		None
 Auto vars:     Size  Location     Type
		None
 Return value:  Size  Location     Type
                  1    wreg      void 
 Registers used:
		None
 Tracked objects:
		On entry : 
		On exit  : 
		Unchanged: 
 Data sizes:     COMMON   BANK0   BANK1   BANK2   BANK3   BANK4   BANK5   BANK6
      Params:         0       0       0       0       0       0       0       0
      Locals:         0       0       0       0       0       0       0       0
      Temps:          0       0       0       0       0       0       0       0
      Totals:         0       0       0       0       0       0       0       0
Total ram usage:        0 bytes
 Hardware stack levels used:    1
 This function calls:
		Nothing
 This function is called by:
		_PIN_MANAGER_Initialize
		_IOCBF6_ISR
 This function uses a non-reentrant model


 *************** function _tiltChange *****************
 Defined at:
		line 58 in file "app.c"
 Parameters:    Size  Location     Type
		None
 Auto vars:     Size  Location     Type
		None
 Return value:  Size  Location     Type
                  1    wreg      void 
 Registers used:
		wreg, status,2, status,0, pclath, cstack
 Tracked objects:
		On entry : 
		On exit  : 
		Unchanged: 
 Data sizes:     COMMON   BANK0   BANK1   BANK2   BANK3   BANK4   BANK5   BANK6
      Params:         0       0       0       0       0       0       0       0
      Locals:         0       0       0       0       0       0       0       0
      Temps:          4       0       0       0       0       0       0       0
      Totals:         4       0       0       0       0       0       0       0
Total ram usage:        4 bytes
 Hardware stack levels used:    1
 Hardware stack levels required when called:    1
 This function calls:
		i1_TMR1_StartTimer
		i1_TMR1_StopTimer
 This function is called by:
		_main
		_IOCBF6_ISR
 This function uses a non-reentrant model


 *************** function _IOCAF5_ISR *****************
 Defined at:
		line 167 in file "mcc_generated_files/pin_manager.c"
 Parameters:    Size  Location     Type
		None
 Auto vars:     Size  Location     Type
		None
 Return value:  Size  Location     Type
                  1    wreg      void 
 Registers used:
		wreg, status,2, status,0, pclath, cstack
 Tracked objects:
		On entry : 
		On exit  : 
		Unchanged: 
 Data sizes:     COMMON   BANK0   BANK1   BANK2   BANK3   BANK4   BANK5   BANK6
      Params:         0       0       0       0       0       0       0       0
      Locals:         0       0       0       0       0       0       0       0
      Temps:          0       0       0       0       0       0       0       0
      Totals:         0       0       0       0       0       0       0       0
Total ram usage:        0 bytes
 Hardware stack levels used:    1
 Hardware stack levels required when called:    2
 This function calls:
		Absolute function
		_IOCAF5_DefaultInterruptHandler
		_buttChangeInt
 This function is called by:
		_PIN_MANAGER_IOC
 This function uses a non-reentrant model


 *************** function _IOCAF5_DefaultInterruptHandler *****************
 Defined at:
		line 189 in file "mcc_generated_files/pin_manager.c"
 Parameters:    Size  Location     Type
		None
 Auto vars:     Size  Location     Type
		None
 Return value:  Size  Location     Type
                  1    wreg      void 
 Registers used:
		None
 Tracked objects:
		On entry : 
		On exit  : 
		Unchanged: 
 Data sizes:     COMMON   BANK0   BANK1   BANK2   BANK3   BANK4   BANK5   BANK6
      Params:         0       0       0       0       0       0       0       0
      Locals:         0       0       0       0       0       0       0       0
      Temps:          0       0       0       0       0       0       0       0
      Totals:         0       0       0       0       0       0       0       0
Total ram usage:        0 bytes
 Hardware stack levels used:    1
 This function calls:
		Nothing
 This function is called by:
		_PIN_MANAGER_Initialize
		_IOCAF5_ISR
 This function uses a non-reentrant model


 *************** function _buttChangeInt *****************
 Defined at:
		line 23 in file "app.c"
 Parameters:    Size  Location     Type
		None
 Auto vars:     Size  Location     Type
		None
 Return value:  Size  Location     Type
                  1    wreg      void 
 Registers used:
		wreg, status,2, status,0, pclath, cstack
 Tracked objects:
		On entry : 
		On exit  : 
		Unchanged: 
 Data sizes:     COMMON   BANK0   BANK1   BANK2   BANK3   BANK4   BANK5   BANK6
      Params:         0       0       0       0       0       0       0       0
      Locals:         0       0       0       0       0       0       0       0
      Temps:          4       0       0       0       0       0       0       0
      Totals:         4       0       0       0       0       0       0       0
Total ram usage:        4 bytes
 Hardware stack levels used:    1
 Hardware stack levels required when called:    1
 This function calls:
		i1_TMR1_StartTimer
		i1_TMR1_StopTimer
 This function is called by:
		_main
		_IOCAF5_ISR
 This function uses a non-reentrant model


 *************** function i1_TMR1_StopTimer *****************
 Defined at:
		line 105 in file "mcc_generated_files/tmr1.c"
 Parameters:    Size  Location     Type
		None
 Auto vars:     Size  Location     Type
		None
 Return value:  Size  Location     Type
                  1    wreg      void 
 Registers used:
		None
 Tracked objects:
		On entry : 
		On exit  : 
		Unchanged: 
 Data sizes:     COMMON   BANK0   BANK1   BANK2   BANK3   BANK4   BANK5   BANK6
      Params:         0       0       0       0       0       0       0       0
      Locals:         0       0       0       0       0       0       0       0
      Temps:          0       0       0       0       0       0       0       0
      Totals:         0       0       0       0       0       0       0       0
Total ram usage:        0 bytes
 Hardware stack levels used:    1
 This function calls:
		Nothing
 This function is called by:
		_buttChangeInt
		_tiltChange
 This function uses a non-reentrant model


 *************** function i1_TMR1_StartTimer *****************
 Defined at:
		line 99 in file "mcc_generated_files/tmr1.c"
 Parameters:    Size  Location     Type
		None
 Auto vars:     Size  Location     Type
		None
 Return value:  Size  Location     Type
                  1    wreg      void 
 Registers used:
		None
 Tracked objects:
		On entry : 
		On exit  : 
		Unchanged: 
 Data sizes:     COMMON   BANK0   BANK1   BANK2   BANK3   BANK4   BANK5   BANK6
      Params:         0       0       0       0       0       0       0       0
      Locals:         0       0       0       0       0       0       0       0
      Temps:          0       0       0       0       0       0       0       0
      Totals:         0       0       0       0       0       0       0       0
Total ram usage:        0 bytes
 Hardware stack levels used:    1
 This function calls:
		Nothing
 This function is called by:
		_minuteInt
		_buttChangeInt
		_tiltChange
 This function uses a non-reentrant model


 *************** function _EUSART1_Receive_ISR *****************
 Defined at:
		line 149 in file "mcc_generated_files/eusart1.c"
 Parameters:    Size  Location     Type
		None
 Auto vars:     Size  Location     Type
		None
 Return value:  Size  Location     Type
                  1    wreg      void 
 Registers used:
		wreg, fsr1l, fsr1h, status,2, status,0
 Tracked objects:
		On entry : 
		On exit  : 
		Unchanged: 
 Data sizes:     COMMON   BANK0   BANK1   BANK2   BANK3   BANK4   BANK5   BANK6
      Params:         0       0       0       0       0       0       0       0
      Locals:         0       0       0       0       0       0       0       0
      Temps:          0       0       0       0       0       0       0       0
      Totals:         0       0       0       0       0       0       0       0
Total ram usage:        0 bytes
 Hardware stack levels used:    1
 This function calls:
		Nothing
 This function is called by:
		_EUSART1_Initialize
		_INTERRUPT_InterruptManager
 This function uses a non-reentrant model



MODULE INFORMATION

Module		Function		Class		Link	Load	Size
mcc_generated_files/pwm6.c
		_PWM6_LoadDutyValue		CODE           	03FC	0000	23
		_PWM6_Initialize		CODE           	0653	0000	9

mcc_generated_files/pwm6.c estimated size: 32

mcc_generated_files/pwm4.c
		_PWM4_Initialize		CODE           	0643	0000	9
		_PWM4_LoadDutyValue		CODE           	03BA	0000	23

mcc_generated_files/pwm4.c estimated size: 32

mcc_generated_files/tmr2.c
		_TMR2_Initialize		CODE           	0679	0000	15

mcc_generated_files/tmr2.c estimated size: 15

mcc_generated_files/interrupt_manager.c
		_INTERRUPT_InterruptManager		CODE           	0004	0000	37

mcc_generated_files/interrupt_manager.c estimated size: 37

mcc_generated_files/tmr0.c
		_TMR0_SetInterruptHandler		CODE           	05B6	0000	6
		_TMR0_StopTimer		CODE           	06A1	0000	4
		_TMR0_DefaultInterruptHandler		CODE           	0003	0000	2
		_TMR0_WriteTimer		CODE           	06A4	0000	6
		_TMR0_StartTimer		CODE           	0687	0000	3
		_TMR0_ISR      		CODE           	0D47	0000	13
		_TMR0_Initialize		CODE           	0D65	0000	21

mcc_generated_files/tmr0.c estimated size: 55

C:\Program Files (x86)\Microchip\xc8\v2.00\pic\sources\c90\common\Umul16.c
		___wmul        		CODE           	06CF	0000	22

C:\Program Files (x86)\Microchip\xc8\v2.00\pic\sources\c90\common\Umul16.c estimated size: 22

nvm_interface.c
		_readFlashData 		CODE           	0DB7	0000	41
		_writeFlashData		CODE           	0E64	0000	93
		_eraseFlashData		CODE           	0E1A	0000	75

nvm_interface.c estimated size: 209

mcc_generated_files/pin_manager.c
		_IOCAF5_SetInterruptHandler		CODE           	05A7	0000	6
		_IOCBF6_DefaultInterruptHandler		CODE           	0D38	0000	2
		_PIN_MANAGER_Initialize		CODE           	05E9	0000	76
		_IOCBF6_ISR    		CODE           	07E5	0000	14
		_IOCBF7_DefaultInterruptHandler		CODE           	0D39	0000	2
		_IOCBF7_ISR    		CODE           	07F2	0000	14
		_IOCBF6_SetInterruptHandler		CODE           	05AC	0000	6
		_IOCAF5_DefaultInterruptHandler		CODE           	0D37	0000	2
		_IOCAF5_ISR    		CODE           	07D9	0000	13
		_PIN_MANAGER_IOC		CODE           	07CD	0000	13
		_IOCBF7_SetInterruptHandler		CODE           	05B1	0000	6

mcc_generated_files/pin_manager.c estimated size: 154

mcc_generated_files/adc.c
		_ADC_Initialize		CODE           	05D7	0000	9
		_ADC_GetConversion		CODE           	0336	0000	133

mcc_generated_files/adc.c estimated size: 142

shared
		i1___wmul      		CODE           	07B8	0000	22
		i1_TMR1_StopTimer		CODE           	077E	0000	4
		i1_batteryGetStatus		CODE           	0DDF	0000	36
		__initialization		CODE           	002A	0000	11
		i1_TMR1_StartTimer		CODE           	07B5	0000	4
		i1_ADC_GetConversion		CODE           	0E02	0000	25

shared estimated size: 102

mcc_generated_files/eusart1.c
		_EUSART1_SetRxInterruptHandler		CODE           	0D90	0000	6
		_EUSART1_Initialize		CODE           	0D79	0000	24
		_EUSART1_Receive_ISR		CODE           	0D53	0000	19

mcc_generated_files/eusart1.c estimated size: 49

mcc_generated_files/pwm5.c
		_PWM5_LoadDutyValue		CODE           	03E6	0000	23
		_PWM5_Initialize		CODE           	064B	0000	9

mcc_generated_files/pwm5.c estimated size: 32

app.c
		_led4Off       		CODE           	032D	0000	5
		_storeValues   		CODE           	0689	0000	25
		_ledDrinkAlert 		CODE           	052B	0000	47
		_minuteInt     		CODE           	0781	0000	53
		_batteryGetStatus		CODE           	06A9	0000	39
		_tiltChange    		CODE           	06F6	0000	67
		_defaultValues 		CODE           	06E4	0000	5
		_ledBatteryCharging		CODE           	01AB	0000	122
		_led1On        		CODE           	0320	0000	6
		_ledSip        		CODE           	0291	0000	144
		_led2On        		CODE           	0331	0000	6
		_ledRestore    		CODE           	0136	0000	63
		_led3On        		CODE           	05A2	0000	6
		_initValues    		CODE           	0038	0000	47
		_led4On        		CODE           	059D	0000	6
		_ledSave       		CODE           	0224	0000	110
		_timer1Int     		CODE           	0D40	0000	8
		_readValues    		CODE           	06E8	0000	12
		_ledMinutes    		CODE           	0560	0000	62
		_led1Off       		CODE           	0559	0000	5
		_buttChangeInt 		CODE           	0738	0000	71
		_welcomeLeds   		CODE           	00BB	0000	63
		_led2Off       		CODE           	0325	0000	5
		_ledBatteryLow 		CODE           	00F9	0000	62
		_modeChangeTime		CODE           	0066	0000	86
		_led3Off       		CODE           	0329	0000	5
		_ledBatteryCharged		CODE           	0174	0000	56

app.c estimated size: 1186

mcc_generated_files/mcc.c
		_PMD_Initialize		CODE           	0634	0000	9
		_OSCILLATOR_Initialize		CODE           	05DF	0000	11
		_SYSTEM_Initialize		CODE           	05C0	0000	24

mcc_generated_files/mcc.c estimated size: 44

mcc_generated_files/pwm3.c
		_PWM3_Initialize		CODE           	063C	0000	8
		_PWM3_LoadDutyValue		CODE           	03D0	0000	23

mcc_generated_files/pwm3.c estimated size: 31

mcc_generated_files/tmr1.c
		_TMR1_Initialize		CODE           	065B	0000	31
		_TMR1_SetInterruptHandler		CODE           	05BB	0000	6
		_TMR1_StopTimer		CODE           	055D	0000	4
		_TMR1_DefaultInterruptHandler		CODE           	07FF	0000	2
		_TMR1_WriteTimer		CODE           	0DA8	0000	16
		_TMR1_StartTimer		CODE           	06F3	0000	4
		_TMR1_ISR      		CODE           	0D95	0000	20

mcc_generated_files/tmr1.c estimated size: 83

main.c
		_main          		CODE           	0412	0000	282

main.c estimated size: 282

