Microchip MPLAB XC8 Compiler V2.00 ()

Linker command line:

-W-3 --edf=C:\Program Files (x86)\Microchip\xc8\v2.00\pic\dat\en_msgs.txt \
  -cs -h+dist/Default2/production\DrinkUpNBT.X.production.sym \
  --cmf=dist/Default2/production\DrinkUpNBT.X.production.cmf -z -Q16F15344 \
  -oC:\Users\EMMANU~1\AppData\Local\Temp\s3kc.2 --defsym=__MPLAB_BUILD=1 \
  -Mdist/Default2/production/DrinkUpNBT.X.production.map -E1 -ver=XC8 \
  --acfsm=1493 -ASTACK=02050h-021efh -pstack=STACK \
  -ACODE=00h-07FFh,0800h-0EBFh -ASTRCODE=00h-0EBFh \
  -ASTRING=00h-0FFhx14,0E00h-0EBFh -ACONST=00h-0FFhx14,0E00h-0EBFh \
  -AENTRY=00h-0FFhx14,0E00h-0EBFh -ACOMMON=070h-07Fh -ABANK0=020h-06Fh \
  -ABANK1=0A0h-0EFh -ABANK2=0120h-016Fh -ABANK3=01A0h-01EFh \
  -ABANK4=0220h-026Fh -ABANK5=02A0h-02EFh -ABANK6=0320h-032Fh \
  -ABIGRAM=02000h-021EFh \
  -ARAM=020h-06Fh,0A0h-0EFh,0120h-016Fh,01A0h-01EFh,0220h-026Fh,02A0h-02EFh,0320h-032Fh \
  -AABS1=020h-07Fh,0A0h-0EFh,0120h-016Fh,01A0h-01EFh,0220h-026Fh,02A0h-02EFh,0320h-032Fh \
  -ASFR0=00h-01Fh -ASFR1=080h-09Fh -ASFR2=0100h-011Fh -ASFR3=0180h-019Fh \
  -ASFR4=0200h-021Fh -ASFR5=0280h-029Fh -ASFR6=0300h-031Fh \
  -ASFR7=0380h-03EFh -ASFR8=0400h-046Fh -ASFR9=0480h-04EFh \
  -ASFR10=0500h-056Fh -ASFR11=0580h-05EFh -ASFR12=0600h-066Fh \
  -ASFR13=0680h-06EFh -ASFR14=0700h-076Fh -ASFR15=0780h-07EFh \
  -ASFR16=0800h-086Fh -ASFR17=0880h-08EFh -ASFR18=0900h-096Fh \
  -ASFR19=0980h-09EFh -ASFR20=0A00h-0A6Fh -ASFR21=0A80h-0AEFh \
  -ASFR22=0B00h-0B6Fh -ASFR23=0B80h-0BEFh -ASFR24=0C00h-0C6Fh \
  -ASFR25=0C80h-0CEFh -ASFR26=0D00h-0D6Fh -ASFR27=0D80h-0DEFh \
  -ASFR28=0E00h-0E6Fh -ASFR29=0E80h-0EEFh -ASFR30=0F00h-0F6Fh \
  -ASFR31=0F80h-0FEFh -ASFR32=01000h-0106Fh -ASFR33=01080h-010EFh \
  -ASFR34=01100h-0116Fh -ASFR35=01180h-011EFh -ASFR36=01200h-0126Fh \
  -ASFR37=01280h-012EFh -ASFR38=01300h-0136Fh -ASFR39=01380h-013EFh \
  -ASFR40=01400h-0146Fh -ASFR41=01480h-014EFh -ASFR42=01500h-0156Fh \
  -ASFR43=01580h-015EFh -ASFR44=01600h-0166Fh -ASFR45=01680h-016EFh \
  -ASFR46=01700h-0176Fh -ASFR47=01780h-017EFh -ASFR48=01800h-0186Fh \
  -ASFR49=01880h-018EFh -ASFR50=01900h-0196Fh -ASFR51=01980h-019EFh \
  -ASFR52=01A00h-01A6Fh -ASFR53=01A80h-01AEFh -ASFR54=01B00h-01B6Fh \
  -ASFR55=01B80h-01BEFh -ASFR56=01C00h-01C6Fh -ASFR57=01C80h-01CEFh \
  -ASFR58=01D00h-01D6Fh -ASFR59=01D80h-01DEFh -ASFR60=01E00h-01E6Fh \
  -ASFR61=01E80h-01EEFh -ASFR62=01F00h-01F6Fh -ASFR63=01F80h-01FEFh \
  -preset_vec=00h,intentry=04h,init,end_init -ppowerup=CODE -pcinit=CODE \
  -pfunctab=ENTRY -ACONFIG=08007h-0800Bh -pconfig=CONFIG -DCONFIG=2 \
  -AIDLOC=08000h-08003h -pidloc=IDLOC -DIDLOC=2 -DCODE=2 -DSTRCODE=2 \
  -DSTRING=2 -DCONST=2 -DENTRY=2 -k \
  C:\Users\EMMANU~1\AppData\Local\Temp\s3kc.o \
  dist/Default2/production\DrinkUpNBT.X.production.o 

Object code version is 3.11

Machine type is 16F15344



                Name                               Link     Load   Length Selector   Space Scale
C:\Users\EMMANU~1\AppData\Local\Temp\s3kc.o
                end_init                             2F       2F        2        8       0
                reset_vec                             0        0        3        0       0
                config                             8007     8007        5    1000E       0
dist/Default2/production\DrinkUpNBT.X.production.o
                cinit                                31       31        E        8       0
                intentry                              4        4       2B        8       0
                text81                              C8B      C8B        1     1916       0
                text80                              CAC      CAC        C     1958       0
                text79                              CD2      CD2       12     19A4       0
                text78                              6FE      6FE       E2        8       0
                text77                              C8C      C8C        1     1918       0
                text75                              C8D      C8D        1     191A       0
                text72                              D68      D68       3B     1AD0       0
                text71                              C8E      C8E        1     191C       0
                text69                              D36      D36       32     1A6C       0
                text66                                3        3        1        0       0
                text65                              CB8      CB8        C     1970       0
                text63                              C9D      C9D        7     193A       0
                text62                              7FF      7FF        1        8       0
                text61                              D14      D14       22     1A28       0
                text55                              CF8      CF8       1C     19F0       0
                text45                              CA4      CA4        8     1948       0
                text43                              CE4      CE4       14     19C8       0
                text41                              7E0      7E0       1F        8       0
                text40                              CC4      CC4        E     1988       0
                text36                              C92      C92        5     1924       0
                text29                              DA3      DA3       4A     1B46       0
                text28                              DED      DED       5C     1BDA       0
                text26                              E49      E49       77     1C92       0
                swtext1                             800      800       14     1000       0
                text5                               C8F      C8F        3     191E       0
                text2                                3F       3F      6BF        8       0
                cstackBANK0                          48       48       1A       20       1
                cstackCOMMON                         70       70        6       70       1
                clrtext                             C97      C97        6     192E       0
                bssBANK0                             20       20       28       20       1
                bssCOMMON                            79       79        3       70       1
                nvBANK0                              62       62        E       20       1
                nvCOMMON                             76       76        3       70       1

TOTAL           Name                               Link     Load   Length     Space
        CLASS   STACK          

        CLASS   CODE           
                end_init                             2F       2F        2         0
                cinit                                31       31        E         0
                intentry                              4        4       2B         0
                reset_vec                             0        0        3         0
                text81                              C8B      C8B        1         0
                text80                              CAC      CAC        C         0
                text79                              CD2      CD2       12         0
                text78                              6FE      6FE       E2         0
                text77                              C8C      C8C        1         0
                text75                              C8D      C8D        1         0
                text72                              D68      D68       3B         0
                text71                              C8E      C8E        1         0
                text69                              D36      D36       32         0
                text66                                3        3        1         0
                text65                              CB8      CB8        C         0
                text63                              C9D      C9D        7         0
                text62                              7FF      7FF        1         0
                text61                              D14      D14       22         0
                text55                              CF8      CF8       1C         0
                text45                              CA4      CA4        8         0
                text43                              CE4      CE4       14         0
                text41                              7E0      7E0       1F         0
                text40                              CC4      CC4        E         0
                text36                              C92      C92        5         0
                text29                              DA3      DA3       4A         0
                text28                              DED      DED       5C         0
                text26                              E49      E49       77         0
                text5                               C8F      C8F        3         0
                text2                                3F       3F      6BF         0
                clrtext                             C97      C97        6         0

        CLASS   STRCODE        

        CLASS   STRING         

        CLASS   CONST          
                swtext1                             800      800       14         0

        CLASS   ENTRY          

        CLASS   COMMON         
                cstackCOMMON                         70       70        6         1
                bssCOMMON                            79       79        3         1
                nvCOMMON                             76       76        3         1

        CLASS   BANK0          
                cstackBANK0                          48       48       1A         1
                bssBANK0                             20       20       28         1
                nvBANK0                              62       62        E         1

        CLASS   BANK1          

        CLASS   BANK2          

        CLASS   BANK3          

        CLASS   BANK4          

        CLASS   BANK5          

        CLASS   BANK6          

        CLASS   BIGRAM         

        CLASS   RAM            

        CLASS   ABS1           
                abs_s1                               7E       7E        2         1

        CLASS   SFR0           

        CLASS   SFR1           

        CLASS   SFR2           

        CLASS   SFR3           

        CLASS   SFR4           

        CLASS   SFR5           

        CLASS   SFR6           

        CLASS   SFR7           

        CLASS   SFR8           

        CLASS   SFR9           

        CLASS   SFR10          

        CLASS   SFR11          

        CLASS   SFR12          

        CLASS   SFR13          

        CLASS   SFR14          

        CLASS   SFR15          

        CLASS   SFR16          

        CLASS   SFR17          

        CLASS   SFR18          

        CLASS   SFR19          

        CLASS   SFR20          

        CLASS   SFR21          

        CLASS   SFR22          

        CLASS   SFR23          

        CLASS   SFR24          

        CLASS   SFR25          

        CLASS   SFR26          

        CLASS   SFR27          

        CLASS   SFR28          

        CLASS   SFR29          

        CLASS   SFR30          

        CLASS   SFR31          

        CLASS   SFR32          

        CLASS   SFR33          

        CLASS   SFR34          

        CLASS   SFR35          

        CLASS   SFR36          

        CLASS   SFR37          

        CLASS   SFR38          

        CLASS   SFR39          

        CLASS   SFR40          

        CLASS   SFR41          

        CLASS   SFR42          

        CLASS   SFR43          

        CLASS   SFR44          

        CLASS   SFR45          

        CLASS   SFR46          

        CLASS   SFR47          

        CLASS   SFR48          

        CLASS   SFR49          

        CLASS   SFR50          

        CLASS   SFR51          

        CLASS   SFR52          

        CLASS   SFR53          

        CLASS   SFR54          

        CLASS   SFR55          

        CLASS   SFR56          

        CLASS   SFR57          

        CLASS   SFR58          

        CLASS   SFR59          

        CLASS   SFR60          

        CLASS   SFR61          

        CLASS   SFR62          

        CLASS   SFR63          

        CLASS   CONFIG         
                config                             8007     8007        5         0

        CLASS   IDLOC          

        CLASS   BANK63         

        CLASS   BANK62         

        CLASS   BANK61         

        CLASS   BANK60         

        CLASS   BANK59         

        CLASS   BANK58         

        CLASS   BANK57         

        CLASS   BANK56         

        CLASS   BANK55         

        CLASS   BANK54         

        CLASS   BANK53         

        CLASS   BANK52         

        CLASS   BANK51         

        CLASS   BANK50         

        CLASS   BANK49         

        CLASS   BANK48         

        CLASS   BANK47         

        CLASS   BANK46         

        CLASS   BANK45         

        CLASS   BANK44         

        CLASS   BANK43         

        CLASS   BANK42         

        CLASS   BANK41         

        CLASS   BANK40         

        CLASS   BANK39         

        CLASS   BANK38         

        CLASS   BANK37         

        CLASS   BANK36         

        CLASS   BANK35         

        CLASS   BANK34         

        CLASS   BANK33         

        CLASS   BANK32         

        CLASS   BANK31         

        CLASS   BANK30         

        CLASS   BANK29         

        CLASS   BANK28         

        CLASS   BANK27         

        CLASS   BANK26         

        CLASS   BANK25         

        CLASS   BANK24         

        CLASS   BANK23         

        CLASS   BANK22         

        CLASS   BANK21         

        CLASS   BANK20         

        CLASS   BANK19         

        CLASS   BANK18         

        CLASS   BANK17         

        CLASS   BANK16         

        CLASS   BANK15         

        CLASS   BANK14         

        CLASS   BANK13         

        CLASS   BANK12         

        CLASS   BANK11         

        CLASS   BANK10         

        CLASS   BANK9          

        CLASS   BANK8          

        CLASS   BANK7          

        CLASS   EEDATA         



SEGMENTS        Name                           Load    Length   Top    Selector   Space  Class     Delta

                reset_vec                      000000  000004  000004         0       0  CODE        2
                intentry                       000004  0007FC  000800         8       0  CODE        2
                bssBANK0                       000020  000050  000070        20       1  BANK0       1
                cstackCOMMON                   000070  00000C  00007C        70       1  COMMON      1
                swtext1                        000800  000014  000814      1000       0  CONST       2
                text81                         000C8B  000001  000C8C      1916       0  CODE        2
                text77                         000C8C  000001  000C8D      1918       0  CODE        2
                text75                         000C8D  000001  000C8E      191A       0  CODE        2
                text71                         000C8E  000001  000C8F      191C       0  CODE        2
                text5                          000C8F  000003  000C92      191E       0  CODE        2
                text36                         000C92  000005  000C97      1924       0  CODE        2
                clrtext                        000C97  000006  000C9D      192E       0  CODE        2
                text63                         000C9D  000007  000CA4      193A       0  CODE        2
                text45                         000CA4  000008  000CAC      1948       0  CODE        2
                text80                         000CAC  00000C  000CB8      1958       0  CODE        2
                text65                         000CB8  00000C  000CC4      1970       0  CODE        2
                text40                         000CC4  00000E  000CD2      1988       0  CODE        2
                text79                         000CD2  000012  000CE4      19A4       0  CODE        2
                text43                         000CE4  000014  000CF8      19C8       0  CODE        2
                text55                         000CF8  00001C  000D14      19F0       0  CODE        2
                text61                         000D14  000022  000D36      1A28       0  CODE        2
                text69                         000D36  000032  000D68      1A6C       0  CODE        2
                text72                         000D68  00003B  000DA3      1AD0       0  CODE        2
                text29                         000DA3  00004A  000DED      1B46       0  CODE        2
                text28                         000DED  00005C  000E49      1BDA       0  CODE        2
                text26                         000E49  000077  000EC0      1C92       0  CODE        2
                config                         008007  000005  00800C     1000E       0  CONFIG      2


UNUSED ADDRESS RANGES

        Name                Unused          Largest block    Delta
        BANK1            000A0-000EF              50           1
        BANK2            00120-0016F              50           1
        BANK3            001A0-001EF              50           1
        BANK4            00220-0026F              50           1
        BANK5            002A0-002EF              50           1
        BANK6            00320-0032F              10           1
        BIGRAM           02000-021EF             1F0           1
        CODE             00814-00C8A             477           2
        COMMON           0007C-0007D               2           1
        CONST            00814-00C8A             100           2
        ENTRY            00814-00C8A             100           2
        IDLOC            08000-08003               4           2
        RAM              000A0-000EF              50           1
                         00120-0016F              50
                         001A0-001EF              50
                         00220-0026F              50
                         002A0-002EF              50
                         00320-0032F              10
        SFR0             00000-0001F              20           1
        SFR1             00080-0009F              20           1
        SFR10            00500-0056F              70           1
        SFR11            00580-005EF              70           1
        SFR12            00600-0066F              70           1
        SFR13            00680-006EF              70           1
        SFR14            00700-0076F              70           1
        SFR15            00780-007EF              70           1
        SFR16            00800-0086F              70           1
        SFR17            00880-008EF              70           1
        SFR18            00900-0096F              70           1
        SFR19            00980-009EF              70           1
        SFR2             00100-0011F              20           1
        SFR20            00A00-00A6F              70           1
        SFR21            00A80-00AEF              70           1
        SFR22            00B00-00B6F              70           1
        SFR23            00B80-00BEF              70           1
        SFR24            00C00-00C6F              70           1
        SFR25            00C80-00CEF              70           1
        SFR26            00D00-00D6F              70           1
        SFR27            00D80-00DEF              70           1
        SFR28            00E00-00E6F              70           1
        SFR29            00E80-00EEF              70           1
        SFR3             00180-0019F              20           1
        SFR30            00F00-00F6F              70           1
        SFR31            00F80-00FEF              70           1
        SFR32            01000-0106F              70           1
        SFR33            01080-010EF              70           1
        SFR34            01100-0116F              70           1
        SFR35            01180-011EF              70           1
        SFR36            01200-0126F              70           1
        SFR37            01280-012EF              70           1
        SFR38            01300-0136F              70           1
        SFR39            01380-013EF              70           1
        SFR4             00200-0021F              20           1
        SFR40            01400-0146F              70           1
        SFR41            01480-014EF              70           1
        SFR42            01500-0156F              70           1
        SFR43            01580-015EF              70           1
        SFR44            01600-0166F              70           1
        SFR45            01680-016EF              70           1
        SFR46            01700-0176F              70           1
        SFR47            01780-017EF              70           1
        SFR48            01800-0186F              70           1
        SFR49            01880-018EF              70           1
        SFR5             00280-0029F              20           1
        SFR50            01900-0196F              70           1
        SFR51            01980-019EF              70           1
        SFR52            01A00-01A6F              70           1
        SFR53            01A80-01AEF              70           1
        SFR54            01B00-01B6F              70           1
        SFR55            01B80-01BEF              70           1
        SFR56            01C00-01C6F              70           1
        SFR57            01C80-01CEF              70           1
        SFR58            01D00-01D6F              70           1
        SFR59            01D80-01DEF              70           1
        SFR6             00300-0031F              20           1
        SFR60            01E00-01E6F              70           1
        SFR61            01E80-01EEF              70           1
        SFR62            01F00-01F6F              70           1
        SFR63            01F80-01FEF              70           1
        SFR7             00380-003EF              70           1
        SFR8             00400-0046F              70           1
        SFR9             00480-004EF              70           1
        STACK            02050-021EF             1A0           1
        STRCODE          00814-00C8A             477           2
        STRING           00814-00C8A             100           2

                                  Symbol Table

?_ADC_GetConversion                            cstackBANK0  00048
?___wmul                                       cstackBANK0  00048
?i1_ADC_GetConversion                          cstackCOMMON 00070
?i1___wmul                                     cstackCOMMON 00070
ADC_GetConversion@channel                      cstackBANK0  0004B
CMP2_SetInterruptHandler@InterruptHandler      cstackBANK0  00048
EUSART1_SetRxInterruptHandler@interruptHandler cstackBANK0  00048
IOCAF5_SetInterruptHandler@InterruptHandler    cstackBANK0  00048
IOCBF6_SetInterruptHandler@InterruptHandler    cstackBANK0  00048
IOCBF7_SetInterruptHandler@InterruptHandler    cstackBANK0  00048
PWM3_LoadDutyValue@dutyValue                   cstackBANK0  00048
PWM4_LoadDutyValue@dutyValue                   cstackBANK0  00048
PWM5_LoadDutyValue@dutyValue                   cstackBANK0  00048
PWM6_LoadDutyValue@dutyValue                   cstackBANK0  00048
TMR0_SetInterruptHandler@InterruptHandler      cstackBANK0  00048
TMR0_WriteTimer@timerVal                       cstackBANK0  00048
TMR1_SetInterruptHandler@InterruptHandler      cstackBANK0  00048
TMR1_WriteTimer@timerVal                       cstackCOMMON 00070
_ADCON0                                        (abs)        0009D
_ADCON0bits                                    (abs)        0009D
_ADCON1                                        (abs)        0009E
_ADC_GetConversion                             text2        00659
_ADC_Initialize                                text2        002F7
_ADRESH                                        (abs)        0009C
_ADRESL                                        (abs)        0009B
_ANSELA                                        (abs)        01F38
_ANSELB                                        (abs)        01F43
_ANSELC                                        (abs)        01F4E
_BAUD1CON                                      (abs)        0011F
_CM2CON0                                       (abs)        00994
_CM2CON0bits                                   (abs)        00994
_CM2CON1                                       (abs)        00995
_CM2NCH                                        (abs)        00996
_CM2PCH                                        (abs)        00997
_CMP2_DefaultInterruptHandler                  text81       00C8B
_CMP2_GetOutputStatus                          text78       0078B
_CMP2_ISR                                      text80       00CAC
_CMP2_Initialize                               text2        002FF
_CMP2_InterruptHandler                         nvBANK0      00062
_CMP2_SetInterruptHandler                      text2        002C3
_CPUDOZEbits                                   (abs)        0088C
_EUSART1_Initialize                            text55       00CF8
_EUSART1_Receive_ISR                           text79       00CD2
_EUSART1_RxDefaultInterruptHandler             nvBANK0      0006E
_EUSART1_SetRxInterruptHandler                 text55       00D0F
_INTCONbits                                    (abs)        0000B
_INTERRUPT_InterruptManager                    intentry     00004
_IOCAF5_DefaultInterruptHandler                text77       00C8C
_IOCAF5_ISR                                    text69       00D42
_IOCAF5_InterruptHandler                       nvCOMMON     00076
_IOCAF5_SetInterruptHandler                    text2        002C8
_IOCAFbits                                     (abs)        01F3F
_IOCANbits                                     (abs)        01F3E
_IOCAPbits                                     (abs)        01F3D
_IOCBF6_DefaultInterruptHandler                text75       00C8D
_IOCBF6_ISR                                    text69       00D4E
_IOCBF6_InterruptHandler                       nvBANK0      0006C
_IOCBF6_SetInterruptHandler                    text2        006D1
_IOCBF7_DefaultInterruptHandler                text71       00C8E
_IOCBF7_ISR                                    text69       00D5B
_IOCBF7_InterruptHandler                       nvBANK0      0006A
_IOCBF7_SetInterruptHandler                    text2        002CD
_IOCBFbits                                     (abs)        01F4A
_IOCBNbits                                     (abs)        01F49
_IOCBPbits                                     (abs)        01F48
_LATA                                          (abs)        00018
_LATB                                          (abs)        00019
_LATC                                          (abs)        0001A
_NVMADR                                        (abs)        0081A
_NVMADRL                                       (abs)        0081A
_NVMCON1bits                                   (abs)        0081E
_NVMCON2                                       (abs)        0081F
_NVMDAT                                        (abs)        0081C
_ODCONA                                        (abs)        01F3A
_ODCONB                                        (abs)        01F45
_ODCONC                                        (abs)        01F50
_OSCCON1                                       (abs)        0088D
_OSCCON3                                       (abs)        0088F
_OSCEN                                         (abs)        00891
_OSCFRQ                                        (abs)        00893
_OSCILLATOR_Initialize                         text2        00314
_OSCSTAT                                       (abs)        00890
_OSCTUNE                                       (abs)        00892
_PIE0bits                                      (abs)        00716
_PIE2bits                                      (abs)        00718
_PIE3bits                                      (abs)        00719
_PIE4bits                                      (abs)        0071A
_PIN_MANAGER_IOC                               text69       00D36
_PIN_MANAGER_Initialize                        text2        0031E
_PIR0bits                                      (abs)        0070C
_PIR2bits                                      (abs)        0070E
_PIR3bits                                      (abs)        0070F
_PIR4bits                                      (abs)        00710
_PMD0                                          (abs)        00796
_PMD1                                          (abs)        00797
_PMD1bits                                      (abs)        00797
_PMD2                                          (abs)        00798
_PMD2bits                                      (abs)        00798
_PMD3                                          (abs)        00799
_PMD3bits                                      (abs)        00799
_PMD4                                          (abs)        0079A
_PMD4bits                                      (abs)        0079A
_PMD5                                          (abs)        0079B
_PMD_Initialize                                text2        006D6
_PORTAbits                                     (abs)        0000C
_PORTBbits                                     (abs)        0000D
_PWM3CON                                       (abs)        00316
_PWM3DCH                                       (abs)        00315
_PWM3DCL                                       (abs)        00314
_PWM3_Initialize                               text2        006DE
_PWM3_LoadDutyValue                            text2        005D7
_PWM4CON                                       (abs)        0031A
_PWM4DCH                                       (abs)        00319
_PWM4DCL                                       (abs)        00318
_PWM4_Initialize                               text2        006E6
_PWM4_LoadDutyValue                            text2        0068F
_PWM5CON                                       (abs)        0031E
_PWM5DCH                                       (abs)        0031D
_PWM5DCL                                       (abs)        0031C
_PWM5_Initialize                               text2        006EE
_PWM5_LoadDutyValue                            text2        006A5
_PWM6CON                                       (abs)        0038E
_PWM6DCH                                       (abs)        0038D
_PWM6DCL                                       (abs)        0038C
_PWM6_Initialize                               text45       00CA4
_PWM6_LoadDutyValue                            text2        006BB
_RA2PPS                                        (abs)        01F12
_RC1REG                                        (abs)        00119
_RC1STA                                        (abs)        0011D
_RC1STAbits                                    (abs)        0011D
_RC3PPS                                        (abs)        01F23
_RC5PPS                                        (abs)        01F25
_RC7PPS                                        (abs)        01F27
_SLRCONA                                       (abs)        01F3B
_SLRCONB                                       (abs)        01F46
_SLRCONC                                       (abs)        01F51
_SP1BRGH                                       (abs)        0011C
_SP1BRGL                                       (abs)        0011B
_SYSTEM_Initialize                             text2        002DC
_T0CON0                                        (abs)        0059E
_T0CON0bits                                    (abs)        0059E
_T0CON1                                        (abs)        0059F
_T1CLK                                         (abs)        00211
_T1CON                                         (abs)        0020E
_T1CONbits                                     (abs)        0020E
_T1GATE                                        (abs)        00210
_T1GCON                                        (abs)        0020F
_T2CLKCON                                      (abs)        00290
_T2CON                                         (abs)        0028E
_T2HLT                                         (abs)        0028F
_T2PR                                          (abs)        0028D
_T2RST                                         (abs)        00291
_T2TMR                                         (abs)        0028C
_TMR0H                                         (abs)        0059D
_TMR0L                                         (abs)        0059C
_TMR0_DefaultInterruptHandler                  text66       00003
_TMR0_ISR                                      text65       00CB8
_TMR0_Initialize                               text43       00CE4
_TMR0_InterruptHandler                         nvBANK0      00068
_TMR0_SetInterruptHandler                      text2        002D2
_TMR0_StartTimer                               text2        006F5
_TMR0_StopTimer                                text2        006F7
_TMR0_WriteTimer                               text36       00C92
_TMR1H                                         (abs)        0020D
_TMR1L                                         (abs)        0020C
_TMR1_DefaultInterruptHandler                  text62       007FF
_TMR1_ISR                                      text61       00D14
_TMR1_Initialize                               text41       007E0
_TMR1_InterruptHandler                         nvBANK0      00064
_TMR1_SetInterruptHandler                      text2        002D7
_TMR1_StartTimer                               text5        00C8F
_TMR1_StopTimer                                text2        002C0
_TMR1_WriteTimer                               text61       00D27
_TMR2_Initialize                               text40       00CC4
_TRISA                                         (abs)        00012
_TRISB                                         (abs)        00013
_TRISC                                         (abs)        00014
_TX1STA                                        (abs)        0011E
_VBAT                                          bssBANK0     0003C
_WPUA                                          (abs)        01F39
_WPUB                                          (abs)        01F44
_WPUC                                          (abs)        01F4F
__CFG_BBEN$OFF                                 (abs)        00000
__CFG_BBSIZE$BB512                             (abs)        00000
__CFG_BOREN$ON                                 (abs)        00000
__CFG_BORV$LO                                  (abs)        00000
__CFG_CLKOUTEN$OFF                             (abs)        00000
__CFG_CP$OFF                                   (abs)        00000
__CFG_CSWEN$ON                                 (abs)        00000
__CFG_FCMEN$ON                                 (abs)        00000
__CFG_FEXTOSC$OFF                              (abs)        00000
__CFG_LPBOREN$OFF                              (abs)        00000
__CFG_LVP$ON                                   (abs)        00000
__CFG_MCLRE$ON                                 (abs)        00000
__CFG_PPS1WAY$ON                               (abs)        00000
__CFG_PWRTE$OFF                                (abs)        00000
__CFG_RSTOSC$HFINT1                            (abs)        00000
__CFG_SAFEN$OFF                                (abs)        00000
__CFG_STVREN$ON                                (abs)        00000
__CFG_WDTCCS$SC                                (abs)        00000
__CFG_WDTCPS$WDTCPS_31                         (abs)        00000
__CFG_WDTCWS$WDTCWS_7                          (abs)        00000
__CFG_WDTE$OFF                                 (abs)        00000
__CFG_WRTAPP$OFF                               (abs)        00000
__CFG_WRTB$OFF                                 (abs)        00000
__CFG_WRTC$OFF                                 (abs)        00000
__CFG_WRTSAF$OFF                               (abs)        00000
__CFG_ZCD$OFF                                  (abs)        00000
__Habs1                                        abs1         00000
__Hbank0                                       bank0        00000
__Hbank1                                       bank1        00000
__Hbank10                                      bank10       00000
__Hbank11                                      bank11       00000
__Hbank12                                      bank12       00000
__Hbank13                                      bank13       00000
__Hbank14                                      bank14       00000
__Hbank15                                      bank15       00000
__Hbank16                                      bank16       00000
__Hbank17                                      bank17       00000
__Hbank18                                      bank18       00000
__Hbank19                                      bank19       00000
__Hbank2                                       bank2        00000
__Hbank20                                      bank20       00000
__Hbank21                                      bank21       00000
__Hbank22                                      bank22       00000
__Hbank23                                      bank23       00000
__Hbank24                                      bank24       00000
__Hbank25                                      bank25       00000
__Hbank26                                      bank26       00000
__Hbank27                                      bank27       00000
__Hbank28                                      bank28       00000
__Hbank29                                      bank29       00000
__Hbank3                                       bank3        00000
__Hbank30                                      bank30       00000
__Hbank31                                      bank31       00000
__Hbank32                                      bank32       00000
__Hbank33                                      bank33       00000
__Hbank34                                      bank34       00000
__Hbank35                                      bank35       00000
__Hbank36                                      bank36       00000
__Hbank37                                      bank37       00000
__Hbank38                                      bank38       00000
__Hbank39                                      bank39       00000
__Hbank4                                       bank4        00000
__Hbank40                                      bank40       00000
__Hbank41                                      bank41       00000
__Hbank42                                      bank42       00000
__Hbank43                                      bank43       00000
__Hbank44                                      bank44       00000
__Hbank45                                      bank45       00000
__Hbank46                                      bank46       00000
__Hbank47                                      bank47       00000
__Hbank48                                      bank48       00000
__Hbank49                                      bank49       00000
__Hbank5                                       bank5        00000
__Hbank50                                      bank50       00000
__Hbank51                                      bank51       00000
__Hbank52                                      bank52       00000
__Hbank53                                      bank53       00000
__Hbank54                                      bank54       00000
__Hbank55                                      bank55       00000
__Hbank56                                      bank56       00000
__Hbank57                                      bank57       00000
__Hbank58                                      bank58       00000
__Hbank59                                      bank59       00000
__Hbank6                                       bank6        00000
__Hbank60                                      bank60       00000
__Hbank61                                      bank61       00000
__Hbank62                                      bank62       00000
__Hbank63                                      bank63       00000
__Hbank7                                       bank7        00000
__Hbank8                                       bank8        00000
__Hbank9                                       bank9        00000
__Hbigram                                      bigram       00000
__HbssBANK0                                    bssBANK0     00000
__HbssCOMMON                                   bssCOMMON    00000
__Hcinit                                       cinit        0003F
__Hclrtext                                     clrtext      00000
__Hcode                                        code         00000
__Hcommon                                      common       00000
__Hconfig                                      config       0800C
__HcstackBANK0                                 cstackBANK0  00000
__HcstackCOMMON                                cstackCOMMON 00000
__Heeprom_data                                 eeprom_data  00000
__Hend_init                                    end_init     00031
__Hfunctab                                     functab      00000
__Hidloc                                       idloc        00000
__Hinit                                        init         0002F
__Hintentry                                    intentry     0002F
__Hmaintext                                    maintext     00000
__HnvBANK0                                     nvBANK0      00000
__HnvCOMMON                                    nvCOMMON     00000
__Hpa_nodes0                                   pa_nodes0    00000
__Hpowerup                                     powerup      00000
__Hram                                         ram          00000
__Hreset_vec                                   reset_vec    00003
__Hsfr0                                        sfr0         00000
__Hsfr1                                        sfr1         00000
__Hsfr10                                       sfr10        00000
__Hsfr11                                       sfr11        00000
__Hsfr12                                       sfr12        00000
__Hsfr13                                       sfr13        00000
__Hsfr14                                       sfr14        00000
__Hsfr15                                       sfr15        00000
__Hsfr16                                       sfr16        00000
__Hsfr17                                       sfr17        00000
__Hsfr18                                       sfr18        00000
__Hsfr19                                       sfr19        00000
__Hsfr2                                        sfr2         00000
__Hsfr20                                       sfr20        00000
__Hsfr21                                       sfr21        00000
__Hsfr22                                       sfr22        00000
__Hsfr23                                       sfr23        00000
__Hsfr24                                       sfr24        00000
__Hsfr25                                       sfr25        00000
__Hsfr26                                       sfr26        00000
__Hsfr27                                       sfr27        00000
__Hsfr28                                       sfr28        00000
__Hsfr29                                       sfr29        00000
__Hsfr3                                        sfr3         00000
__Hsfr30                                       sfr30        00000
__Hsfr31                                       sfr31        00000
__Hsfr32                                       sfr32        00000
__Hsfr33                                       sfr33        00000
__Hsfr34                                       sfr34        00000
__Hsfr35                                       sfr35        00000
__Hsfr36                                       sfr36        00000
__Hsfr37                                       sfr37        00000
__Hsfr38                                       sfr38        00000
__Hsfr39                                       sfr39        00000
__Hsfr4                                        sfr4         00000
__Hsfr40                                       sfr40        00000
__Hsfr41                                       sfr41        00000
__Hsfr42                                       sfr42        00000
__Hsfr43                                       sfr43        00000
__Hsfr44                                       sfr44        00000
__Hsfr45                                       sfr45        00000
__Hsfr46                                       sfr46        00000
__Hsfr47                                       sfr47        00000
__Hsfr48                                       sfr48        00000
__Hsfr49                                       sfr49        00000
__Hsfr5                                        sfr5         00000
__Hsfr50                                       sfr50        00000
__Hsfr51                                       sfr51        00000
__Hsfr52                                       sfr52        00000
__Hsfr53                                       sfr53        00000
__Hsfr54                                       sfr54        00000
__Hsfr55                                       sfr55        00000
__Hsfr56                                       sfr56        00000
__Hsfr57                                       sfr57        00000
__Hsfr58                                       sfr58        00000
__Hsfr59                                       sfr59        00000
__Hsfr6                                        sfr6         00000
__Hsfr60                                       sfr60        00000
__Hsfr61                                       sfr61        00000
__Hsfr62                                       sfr62        00000
__Hsfr63                                       sfr63        00000
__Hsfr7                                        sfr7         00000
__Hsfr8                                        sfr8         00000
__Hsfr9                                        sfr9         00000
__Hspace_0                                     (abs)        0800C
__Hspace_1                                     (abs)        0007C
__Hspace_2                                     (abs)        00000
__Hspace_3                                     (abs)        00000
__Hstack                                       stack        00000
__Hstrings                                     strings      00000
__Htext                                        text         00000
__Labs1                                        abs1         00000
__Lbank0                                       bank0        00000
__Lbank1                                       bank1        00000
__Lbank10                                      bank10       00000
__Lbank11                                      bank11       00000
__Lbank12                                      bank12       00000
__Lbank13                                      bank13       00000
__Lbank14                                      bank14       00000
__Lbank15                                      bank15       00000
__Lbank16                                      bank16       00000
__Lbank17                                      bank17       00000
__Lbank18                                      bank18       00000
__Lbank19                                      bank19       00000
__Lbank2                                       bank2        00000
__Lbank20                                      bank20       00000
__Lbank21                                      bank21       00000
__Lbank22                                      bank22       00000
__Lbank23                                      bank23       00000
__Lbank24                                      bank24       00000
__Lbank25                                      bank25       00000
__Lbank26                                      bank26       00000
__Lbank27                                      bank27       00000
__Lbank28                                      bank28       00000
__Lbank29                                      bank29       00000
__Lbank3                                       bank3        00000
__Lbank30                                      bank30       00000
__Lbank31                                      bank31       00000
__Lbank32                                      bank32       00000
__Lbank33                                      bank33       00000
__Lbank34                                      bank34       00000
__Lbank35                                      bank35       00000
__Lbank36                                      bank36       00000
__Lbank37                                      bank37       00000
__Lbank38                                      bank38       00000
__Lbank39                                      bank39       00000
__Lbank4                                       bank4        00000
__Lbank40                                      bank40       00000
__Lbank41                                      bank41       00000
__Lbank42                                      bank42       00000
__Lbank43                                      bank43       00000
__Lbank44                                      bank44       00000
__Lbank45                                      bank45       00000
__Lbank46                                      bank46       00000
__Lbank47                                      bank47       00000
__Lbank48                                      bank48       00000
__Lbank49                                      bank49       00000
__Lbank5                                       bank5        00000
__Lbank50                                      bank50       00000
__Lbank51                                      bank51       00000
__Lbank52                                      bank52       00000
__Lbank53                                      bank53       00000
__Lbank54                                      bank54       00000
__Lbank55                                      bank55       00000
__Lbank56                                      bank56       00000
__Lbank57                                      bank57       00000
__Lbank58                                      bank58       00000
__Lbank59                                      bank59       00000
__Lbank6                                       bank6        00000
__Lbank60                                      bank60       00000
__Lbank61                                      bank61       00000
__Lbank62                                      bank62       00000
__Lbank63                                      bank63       00000
__Lbank7                                       bank7        00000
__Lbank8                                       bank8        00000
__Lbank9                                       bank9        00000
__Lbigram                                      bigram       00000
__LbssBANK0                                    bssBANK0     00000
__LbssCOMMON                                   bssCOMMON    00000
__Lcinit                                       cinit        00031
__Lclrtext                                     clrtext      00000
__Lcode                                        code         00000
__Lcommon                                      common       00000
__Lconfig                                      config       08007
__LcstackBANK0                                 cstackBANK0  00000
__LcstackCOMMON                                cstackCOMMON 00000
__Leeprom_data                                 eeprom_data  00000
__Lend_init                                    end_init     0002F
__Lfunctab                                     functab      00000
__Lidloc                                       idloc        00000
__Linit                                        init         0002F
__Lintentry                                    intentry     00004
__Lmaintext                                    maintext     00000
__LnvBANK0                                     nvBANK0      00000
__LnvCOMMON                                    nvCOMMON     00000
__Lpa_nodes0                                   pa_nodes0    00000
__Lpowerup                                     powerup      00000
__Lram                                         ram          00000
__Lreset_vec                                   reset_vec    00000
__Lsfr0                                        sfr0         00000
__Lsfr1                                        sfr1         00000
__Lsfr10                                       sfr10        00000
__Lsfr11                                       sfr11        00000
__Lsfr12                                       sfr12        00000
__Lsfr13                                       sfr13        00000
__Lsfr14                                       sfr14        00000
__Lsfr15                                       sfr15        00000
__Lsfr16                                       sfr16        00000
__Lsfr17                                       sfr17        00000
__Lsfr18                                       sfr18        00000
__Lsfr19                                       sfr19        00000
__Lsfr2                                        sfr2         00000
__Lsfr20                                       sfr20        00000
__Lsfr21                                       sfr21        00000
__Lsfr22                                       sfr22        00000
__Lsfr23                                       sfr23        00000
__Lsfr24                                       sfr24        00000
__Lsfr25                                       sfr25        00000
__Lsfr26                                       sfr26        00000
__Lsfr27                                       sfr27        00000
__Lsfr28                                       sfr28        00000
__Lsfr29                                       sfr29        00000
__Lsfr3                                        sfr3         00000
__Lsfr30                                       sfr30        00000
__Lsfr31                                       sfr31        00000
__Lsfr32                                       sfr32        00000
__Lsfr33                                       sfr33        00000
__Lsfr34                                       sfr34        00000
__Lsfr35                                       sfr35        00000
__Lsfr36                                       sfr36        00000
__Lsfr37                                       sfr37        00000
__Lsfr38                                       sfr38        00000
__Lsfr39                                       sfr39        00000
__Lsfr4                                        sfr4         00000
__Lsfr40                                       sfr40        00000
__Lsfr41                                       sfr41        00000
__Lsfr42                                       sfr42        00000
__Lsfr43                                       sfr43        00000
__Lsfr44                                       sfr44        00000
__Lsfr45                                       sfr45        00000
__Lsfr46                                       sfr46        00000
__Lsfr47                                       sfr47        00000
__Lsfr48                                       sfr48        00000
__Lsfr49                                       sfr49        00000
__Lsfr5                                        sfr5         00000
__Lsfr50                                       sfr50        00000
__Lsfr51                                       sfr51        00000
__Lsfr52                                       sfr52        00000
__Lsfr53                                       sfr53        00000
__Lsfr54                                       sfr54        00000
__Lsfr55                                       sfr55        00000
__Lsfr56                                       sfr56        00000
__Lsfr57                                       sfr57        00000
__Lsfr58                                       sfr58        00000
__Lsfr59                                       sfr59        00000
__Lsfr6                                        sfr6         00000
__Lsfr60                                       sfr60        00000
__Lsfr61                                       sfr61        00000
__Lsfr62                                       sfr62        00000
__Lsfr63                                       sfr63        00000
__Lsfr7                                        sfr7         00000
__Lsfr8                                        sfr8         00000
__Lsfr9                                        sfr9         00000
__Lspace_0                                     (abs)        00000
__Lspace_1                                     (abs)        00000
__Lspace_2                                     (abs)        00000
__Lspace_3                                     (abs)        00000
__Lstack                                       stack        00000
__Lstrings                                     strings      00000
__Ltext                                        text         00000
__S0                                           (abs)        0800C
__S1                                           (abs)        0007C
__S2                                           (abs)        00000
___int_sp                                      stack        00000
___latbits                                     (abs)        00001
___sp                                          stack        00000
___wmul                                        text26       00E83
___wmul@multiplicand                           cstackBANK0  0004A
___wmul@multiplier                             cstackBANK0  00048
___wmul@product                                cstackBANK0  0004C
__end_of_ADC_GetConversion                     text2        00677
__end_of_ADC_Initialize                        text2        002FF
__end_of_CMP2_DefaultInterruptHandler          text81       00C8C
__end_of_CMP2_GetOutputStatus                  text78       00791
__end_of_CMP2_ISR                              text80       00CB8
__end_of_CMP2_Initialize                       text2        00314
__end_of_CMP2_SetInterruptHandler              text2        002C8
__end_of_EUSART1_Initialize                    text55       00D0F
__end_of_EUSART1_Receive_ISR                   text79       00CE4
__end_of_EUSART1_SetRxInterruptHandler         text55       00D14
__end_of_INTERRUPT_InterruptManager            intentry     0002F
__end_of_IOCAF5_DefaultInterruptHandler        text77       00C8D
__end_of_IOCAF5_ISR                            text69       00D4E
__end_of_IOCAF5_SetInterruptHandler            text2        002CD
__end_of_IOCBF6_DefaultInterruptHandler        text75       00C8E
__end_of_IOCBF6_ISR                            text69       00D5B
__end_of_IOCBF6_SetInterruptHandler            text2        006D6
__end_of_IOCBF7_DefaultInterruptHandler        text71       00C8F
__end_of_IOCBF7_ISR                            text69       00D68
__end_of_IOCBF7_SetInterruptHandler            text2        002D2
__end_of_OSCILLATOR_Initialize                 text2        0031E
__end_of_PIN_MANAGER_IOC                       text69       00D42
__end_of_PIN_MANAGER_Initialize                text2        00369
__end_of_PMD_Initialize                        text2        006DE
__end_of_PWM3_Initialize                       text2        006E6
__end_of_PWM3_LoadDutyValue                    text2        00659
__end_of_PWM4_Initialize                       text2        006EE
__end_of_PWM4_LoadDutyValue                    text2        006A5
__end_of_PWM5_Initialize                       text2        006F5
__end_of_PWM5_LoadDutyValue                    text2        006BB
__end_of_PWM6_Initialize                       text45       00CAC
__end_of_PWM6_LoadDutyValue                    text2        006D1
__end_of_SYSTEM_Initialize                     text2        002F7
__end_of_TMR0_DefaultInterruptHandler          text66       00004
__end_of_TMR0_ISR                              text65       00CC4
__end_of_TMR0_Initialize                       text43       00CF8
__end_of_TMR0_SetInterruptHandler              text2        002D7
__end_of_TMR0_StartTimer                       text2        006F7
__end_of_TMR0_StopTimer                        text2        006FA
__end_of_TMR0_WriteTimer                       text36       00C97
__end_of_TMR1_DefaultInterruptHandler          text62       00800
__end_of_TMR1_ISR                              text61       00D27
__end_of_TMR1_Initialize                       text41       007FF
__end_of_TMR1_SetInterruptHandler              text2        002DC
__end_of_TMR1_StartTimer                       text5        00C92
__end_of_TMR1_StopTimer                        text2        002C3
__end_of_TMR1_WriteTimer                       text61       00D36
__end_of_TMR2_Initialize                       text40       00CD2
__end_of___wmul                                text26       00E98
__end_of__initialization                       cinit        0003B
__end_of_batteryGetStatus                      text2        002C0
__end_of_buttChangeInt                         text78       00744
__end_of_defaultValues                         text2        006FE
__end_of_eraseFlashData                        text29       00DED
__end_of_initValues                            text26       00E79
__end_of_led1Off                               text2        005C8
__end_of_led1On                                text2        005B8
__end_of_led2Off                               text2        005BC
__end_of_led2On                                text2        005CD
__end_of_led3Off                               text2        005C0
__end_of_led3On                                text2        005D2
__end_of_led4Off                               text2        005C4
__end_of_led4On                                text2        005D7
__end_of_ledBatteryCharged                     text2        00401
__end_of_ledBatteryCharging                    text2        00524
__end_of_ledBatteryLow                         text2        000C2
__end_of_ledDrinkAlert                         text2        003CA
__end_of_ledDrinkConfig                        text2        0029A
__end_of_ledMinutes                            text2        0043E
__end_of_ledRestore                            text2        00100
__end_of_ledSave                               text2        004AB
__end_of_ledSip                                text2        005B3
__end_of_main                                  text2        0026C
__end_of_minuteInt                             text78       007C8
__end_of_modeChangeTime                        text2        00095
__end_of_readFlashData                         text26       00EC0
__end_of_readValues                            text26       00E83
__end_of_storeValues                           text2        0068F
__end_of_tiltChange2                           text78       0078B
__end_of_timer1Int                             text63       00CA4
__end_of_welcomeLeds                           text2        0013E
__end_of_writeFlashData                        text28       00E49
__end_ofi1_ADC_GetConversion                   text72       00DA3
__end_ofi1_TMR1_StartTimer                     text78       007CB
__end_ofi1_TMR1_StopTimer                      text78       00794
__end_ofi1___wmul                              text78       007E0
__end_ofi1_batteryGetStatus                    text72       00D8B
__initialization                               cinit        00031
__pbssBANK0                                    bssBANK0     00020
__pbssCOMMON                                   bssCOMMON    00079
__pcstackBANK0                                 cstackBANK0  00048
__pcstackCOMMON                                cstackCOMMON 00070
__pintentry                                    intentry     00004
__pmaintext                                    text2        0013E
__pnvBANK0                                     nvBANK0      00062
__pnvCOMMON                                    nvCOMMON     00076
__pswtext1                                     swtext1      00800
__ptext1                                       text2        00100
__ptext10                                      text2        00369
__ptext11                                      text2        00095
__ptext12                                      text2        004AB
__ptext13                                      text2        003CA
__ptext14                                      text2        005D2
__ptext15                                      text2        005C0
__ptext16                                      text2        006BB
__ptext17                                      text2        005CD
__ptext18                                      text2        005BC
__ptext19                                      text2        006A5
__ptext2                                       text2        0003F
__ptext20                                      text2        005C8
__ptext21                                      text2        005B8
__ptext22                                      text2        0068F
__ptext23                                      text2        005B3
__ptext24                                      text2        005C4
__ptext25                                      text2        005D7
__ptext26                                      text26       00E49
__ptext27                                      text2        00677
__ptext28                                      text28       00DED
__ptext29                                      text29       00DA3
__ptext3                                       text2        0043E
__ptext30                                      text26       00E79
__ptext31                                      text26       00E98
__ptext32                                      text2        006FA
__ptext33                                      text26       00E83
__ptext34                                      text2        0029A
__ptext35                                      text2        00659
__ptext36                                      text36       00C92
__ptext37                                      text2        006F7
__ptext38                                      text2        006F5
__ptext39                                      text2        002DC
__ptext4                                       text2        002C0
__ptext40                                      text40       00CC4
__ptext41                                      text41       007E0
__ptext42                                      text2        002D7
__ptext43                                      text43       00CE4
__ptext44                                      text2        002D2
__ptext45                                      text45       00CA4
__ptext46                                      text2        006EE
__ptext47                                      text2        006E6
__ptext48                                      text2        006DE
__ptext49                                      text2        006D6
__ptext5                                       text5        00C8F
__ptext50                                      text2        0031E
__ptext51                                      text2        002CD
__ptext52                                      text2        006D1
__ptext53                                      text2        002C8
__ptext54                                      text2        00314
__ptext55                                      text55       00CF8
__ptext56                                      text55       00D0F
__ptext57                                      text2        002FF
__ptext58                                      text2        002C3
__ptext59                                      text2        002F7
__ptext6                                       text2        00524
__ptext61                                      text61       00D14
__ptext62                                      text62       007FF
__ptext63                                      text63       00C9D
__ptext64                                      text61       00D27
__ptext65                                      text65       00CB8
__ptext66                                      text66       00003
__ptext67                                      text78       00794
__ptext68                                      text78       007CB
__ptext69                                      text69       00D36
__ptext7                                       text2        000C2
__ptext70                                      text69       00D5B
__ptext71                                      text71       00C8E
__ptext72                                      text72       00D68
__ptext73                                      text72       00D8B
__ptext74                                      text69       00D4E
__ptext75                                      text75       00C8D
__ptext76                                      text69       00D42
__ptext77                                      text77       00C8C
__ptext78                                      text78       006FE
__ptext79                                      text79       00CD2
__ptext8                                       text2        0026C
__ptext80                                      text80       00CAC
__ptext81                                      text81       00C8B
__ptext82                                      text78       00744
__ptext83                                      text78       00791
__ptext84                                      text78       007C8
__ptext85                                      text78       0078B
__ptext9                                       text2        00401
__size_of_ADC_GetConversion                    (abs)        00000
__size_of_ADC_Initialize                       (abs)        00000
__size_of_CMP2_DefaultInterruptHandler         (abs)        00000
__size_of_CMP2_GetOutputStatus                 (abs)        00000
__size_of_CMP2_ISR                             (abs)        00000
__size_of_CMP2_Initialize                      (abs)        00000
__size_of_CMP2_SetInterruptHandler             (abs)        00000
__size_of_EUSART1_Initialize                   (abs)        00000
__size_of_EUSART1_Receive_ISR                  (abs)        00000
__size_of_EUSART1_SetRxInterruptHandler        (abs)        00000
__size_of_INTERRUPT_InterruptManager           (abs)        00000
__size_of_IOCAF5_DefaultInterruptHandler       (abs)        00000
__size_of_IOCAF5_ISR                           (abs)        00000
__size_of_IOCAF5_SetInterruptHandler           (abs)        00000
__size_of_IOCBF6_DefaultInterruptHandler       (abs)        00000
__size_of_IOCBF6_ISR                           (abs)        00000
__size_of_IOCBF6_SetInterruptHandler           (abs)        00000
__size_of_IOCBF7_DefaultInterruptHandler       (abs)        00000
__size_of_IOCBF7_ISR                           (abs)        00000
__size_of_IOCBF7_SetInterruptHandler           (abs)        00000
__size_of_OSCILLATOR_Initialize                (abs)        00000
__size_of_PIN_MANAGER_IOC                      (abs)        00000
__size_of_PIN_MANAGER_Initialize               (abs)        00000
__size_of_PMD_Initialize                       (abs)        00000
__size_of_PWM3_Initialize                      (abs)        00000
__size_of_PWM3_LoadDutyValue                   (abs)        00000
__size_of_PWM4_Initialize                      (abs)        00000
__size_of_PWM4_LoadDutyValue                   (abs)        00000
__size_of_PWM5_Initialize                      (abs)        00000
__size_of_PWM5_LoadDutyValue                   (abs)        00000
__size_of_PWM6_Initialize                      (abs)        00000
__size_of_PWM6_LoadDutyValue                   (abs)        00000
__size_of_SYSTEM_Initialize                    (abs)        00000
__size_of_TMR0_DefaultInterruptHandler         (abs)        00000
__size_of_TMR0_ISR                             (abs)        00000
__size_of_TMR0_Initialize                      (abs)        00000
__size_of_TMR0_SetInterruptHandler             (abs)        00000
__size_of_TMR0_StartTimer                      (abs)        00000
__size_of_TMR0_StopTimer                       (abs)        00000
__size_of_TMR0_WriteTimer                      (abs)        00000
__size_of_TMR1_DefaultInterruptHandler         (abs)        00000
__size_of_TMR1_ISR                             (abs)        00000
__size_of_TMR1_Initialize                      (abs)        00000
__size_of_TMR1_SetInterruptHandler             (abs)        00000
__size_of_TMR1_StartTimer                      (abs)        00000
__size_of_TMR1_StopTimer                       (abs)        00000
__size_of_TMR1_WriteTimer                      (abs)        00000
__size_of_TMR2_Initialize                      (abs)        00000
__size_of___wmul                               (abs)        00000
__size_of_batteryGetStatus                     (abs)        00000
__size_of_buttChangeInt                        (abs)        00000
__size_of_defaultValues                        (abs)        00000
__size_of_eraseFlashData                       (abs)        00000
__size_of_initValues                           (abs)        00000
__size_of_led1Off                              (abs)        00000
__size_of_led1On                               (abs)        00000
__size_of_led2Off                              (abs)        00000
__size_of_led2On                               (abs)        00000
__size_of_led3Off                              (abs)        00000
__size_of_led3On                               (abs)        00000
__size_of_led4Off                              (abs)        00000
__size_of_led4On                               (abs)        00000
__size_of_ledBatteryCharged                    (abs)        00000
__size_of_ledBatteryCharging                   (abs)        00000
__size_of_ledBatteryLow                        (abs)        00000
__size_of_ledDrinkAlert                        (abs)        00000
__size_of_ledDrinkConfig                       (abs)        00000
__size_of_ledMinutes                           (abs)        00000
__size_of_ledRestore                           (abs)        00000
__size_of_ledSave                              (abs)        00000
__size_of_ledSip                               (abs)        00000
__size_of_main                                 (abs)        00000
__size_of_minuteInt                            (abs)        00000
__size_of_modeChangeTime                       (abs)        00000
__size_of_readFlashData                        (abs)        00000
__size_of_readValues                           (abs)        00000
__size_of_storeValues                          (abs)        00000
__size_of_tiltChange2                          (abs)        00000
__size_of_timer1Int                            (abs)        00000
__size_of_welcomeLeds                          (abs)        00000
__size_of_writeFlashData                       (abs)        00000
__size_ofi1_ADC_GetConversion                  (abs)        00000
__size_ofi1_TMR1_StartTimer                    (abs)        00000
__size_ofi1_TMR1_StopTimer                     (abs)        00000
__size_ofi1___wmul                             (abs)        00000
__size_ofi1_batteryGetStatus                   (abs)        00000
_app                                           bssBANK0     00047
_batt_stat                                     bssBANK0     0003E
_batteryGetStatus                              text2        0029A
_batteryGetStatus$intlevel0                    text2        0029E
_buttChangeInt                                 text78       006FE
_button_cont_en                                bssBANK0     00046
_button_time_cont                              bssBANK0     00030
_defaultValues                                 text2        006FA
_eraseFlashData                                text29       00DA3
_eusart1RxBuffer                               bssBANK0     00020
_eusart1RxCount                                bssCOMMON    00079
_eusart1RxHead                                 bssCOMMON    0007B
_eusart1RxTail                                 bssCOMMON    0007A
_flag_update_mem                               nvCOMMON     00078
_initValues                                    text26       00E49
_led1Off                                       text2        005C4
_led1On                                        text2        005B3
_led2Off                                       text2        005B8
_led2On                                        text2        005C8
_led3Off                                       text2        005BC
_led3On                                        text2        005CD
_led4Off                                       text2        005C0
_led4On                                        text2        005D2
_ledBatteryCharged                             text2        003CA
_ledBatteryCharging                            text2        004AB
_ledBatteryLow                                 text2        00095
_ledDrinkAlert                                 text2        00369
_ledDrinkConfig                                text2        0026C
_ledMinutes                                    text2        00401
_ledRestore                                    text2        000C2
_ledSave                                       text2        0043E
_ledSip                                        text2        00524
_main                                          text2        0013E
_minuteInt                                     text78       00794
_minutes_count                                 bssBANK0     00034
_modeChangeTime                                text2        0003F
_push_change_event                             bssBANK0     00043
_push_restore_event                            bssBANK0     00042
_push_single_event                             bssBANK0     00041
[...]


 *************** function i1_ADC_GetConversion *****************
 Defined at:
		line 110 in file "mcc_generated_files/adc.c"
 Parameters:    Size  Location     Type
  channel         1    wreg     enum E6599
 Auto vars:     Size  Location     Type
  channel         1    3[COMMON] enum E6599
 Return value:  Size  Location     Type
                  2    0[COMMON] unsigned int 
 Registers used:
		wreg, status,2, status,0
 Tracked objects:
		On entry : 
		On exit  : 
		Unchanged: 
 Data sizes:     COMMON   BANK0   BANK1   BANK2   BANK3   BANK4   BANK5   BANK6
      Params:         2       0       0       0       0       0       0       0
      Locals:         1       0       0       0       0       0       0       0
      Temps:          1       0       0       0       0       0       0       0
      Totals:         4       0       0       0       0       0       0       0
Total ram usage:        4 bytes
 Hardware stack levels used:    1
 This function calls:
		Nothing
 This function is called by:
		i1_batteryGetStatus
 This function uses a non-reentrant model


 *************** function _IOCBF6_ISR *****************
 Defined at:
		line 197 in file "mcc_generated_files/pin_manager.c"
 Parameters:    Size  Location     Type
		None
 Auto vars:     Size  Location     Type
		None
 Return value:  Size  Location     Type
                  1    wreg      void 
 Registers used:
		wreg, status,2, status,0, pclath, cstack
 Tracked objects:
		On entry : 
		On exit  : 
		Unchanged: 
 Data sizes:     COMMON   BANK0   BANK1   BANK2   BANK3   BANK4   BANK5   BANK6
      Params:         0       0       0       0       0       0       0       0
      Locals:         0       0       0       0       0       0       0       0
      Temps:          0       0       0       0       0       0       0       0
      Totals:         0       0       0       0       0       0       0       0
Total ram usage:        0 bytes
 Hardware stack levels used:    1
 Hardware stack levels required when called:    1
 This function calls:
		Absolute function
		_IOCBF6_DefaultInterruptHandler
 This function is called by:
		_PIN_MANAGER_IOC
 This function uses a non-reentrant model


 *************** function _IOCBF6_DefaultInterruptHandler *****************
 Defined at:
		line 219 in file "mcc_generated_files/pin_manager.c"
 Parameters:    Size  Location     Type
		None
 Auto vars:     Size  Location     Type
		None
 Return value:  Size  Location     Type
                  1    wreg      void 
 Registers used:
		None
 Tracked objects:
		On entry : 
		On exit  : 
		Unchanged: 
 Data sizes:     COMMON   BANK0   BANK1   BANK2   BANK3   BANK4   BANK5   BANK6
      Params:         0       0       0       0       0       0       0       0
      Locals:         0       0       0       0       0       0       0       0
      Temps:          0       0       0       0       0       0       0       0
      Totals:         0       0       0       0       0       0       0       0
Total ram usage:        0 bytes
 Hardware stack levels used:    1
 This function calls:
		Nothing
 This function is called by:
		_PIN_MANAGER_Initialize
		_IOCBF6_ISR
 This function uses a non-reentrant model


 *************** function _IOCAF5_ISR *****************
 Defined at:
		line 167 in file "mcc_generated_files/pin_manager.c"
 Parameters:    Size  Location     Type
		None
 Auto vars:     Size  Location     Type
		None
 Return value:  Size  Location     Type
                  1    wreg      void 
 Registers used:
		wreg, status,2, status,0, pclath, cstack
 Tracked objects:
		On entry : 
		On exit  : 
		Unchanged: 
 Data sizes:     COMMON   BANK0   BANK1   BANK2   BANK3   BANK4   BANK5   BANK6
      Params:         0       0       0       0       0       0       0       0
      Locals:         0       0       0       0       0       0       0       0
      Temps:          0       0       0       0       0       0       0       0
      Totals:         0       0       0       0       0       0       0       0
Total ram usage:        0 bytes
 Hardware stack levels used:    1
 Hardware stack levels required when called:    2
 This function calls:
		Absolute function
		_IOCAF5_DefaultInterruptHandler
		_buttChangeInt
 This function is called by:
		_PIN_MANAGER_IOC
 This function uses a non-reentrant model


 *************** function _IOCAF5_DefaultInterruptHandler *****************
 Defined at:
		line 189 in file "mcc_generated_files/pin_manager.c"
 Parameters:    Size  Location     Type
		None
 Auto vars:     Size  Location     Type
		None
 Return value:  Size  Location     Type
                  1    wreg      void 
 Registers used:
		None
 Tracked objects:
		On entry : 
		On exit  : 
		Unchanged: 
 Data sizes:     COMMON   BANK0   BANK1   BANK2   BANK3   BANK4   BANK5   BANK6
      Params:         0       0       0       0       0       0       0       0
      Locals:         0       0       0       0       0       0       0       0
      Temps:          0       0       0       0       0       0       0       0
      Totals:         0       0       0       0       0       0       0       0
Total ram usage:        0 bytes
 Hardware stack levels used:    1
 This function calls:
		Nothing
 This function is called by:
		_PIN_MANAGER_Initialize
		_IOCAF5_ISR
 This function uses a non-reentrant model


 *************** function _buttChangeInt *****************
 Defined at:
		line 23 in file "app.c"
 Parameters:    Size  Location     Type
		None
 Auto vars:     Size  Location     Type
		None
 Return value:  Size  Location     Type
                  1    wreg      void 
 Registers used:
		wreg, status,2, status,0, pclath, cstack
 Tracked objects:
		On entry : 
		On exit  : 
		Unchanged: 
 Data sizes:     COMMON   BANK0   BANK1   BANK2   BANK3   BANK4   BANK5   BANK6
      Params:         0       0       0       0       0       0       0       0
      Locals:         0       0       0       0       0       0       0       0
      Temps:          4       0       0       0       0       0       0       0
      Totals:         4       0       0       0       0       0       0       0
Total ram usage:        4 bytes
 Hardware stack levels used:    1
 Hardware stack levels required when called:    1
 This function calls:
		i1_TMR1_StartTimer
		i1_TMR1_StopTimer
 This function is called by:
		_main
		_IOCAF5_ISR
 This function uses a non-reentrant model


 *************** function _EUSART1_Receive_ISR *****************
 Defined at:
		line 149 in file "mcc_generated_files/eusart1.c"
 Parameters:    Size  Location     Type
		None
 Auto vars:     Size  Location     Type
		None
 Return value:  Size  Location     Type
                  1    wreg      void 
 Registers used:
		wreg, fsr1l, fsr1h, status,2, status,0
 Tracked objects:
		On entry : 
		On exit  : 
		Unchanged: 
 Data sizes:     COMMON   BANK0   BANK1   BANK2   BANK3   BANK4   BANK5   BANK6
      Params:         0       0       0       0       0       0       0       0
      Locals:         0       0       0       0       0       0       0       0
      Temps:          0       0       0       0       0       0       0       0
      Totals:         0       0       0       0       0       0       0       0
Total ram usage:        0 bytes
 Hardware stack levels used:    1
 This function calls:
		Nothing
 This function is called by:
		_EUSART1_Initialize
		_INTERRUPT_InterruptManager
 This function uses a non-reentrant model


 *************** function _CMP2_ISR *****************
 Defined at:
		line 95 in file "mcc_generated_files/cmp2.c"
 Parameters:    Size  Location     Type
		None
 Auto vars:     Size  Location     Type
		None
 Return value:  Size  Location     Type
                  1    wreg      void 
 Registers used:
		wreg, status,2, status,0, pclath, cstack
 Tracked objects:
		On entry : 
		On exit  : 
		Unchanged: 
 Data sizes:     COMMON   BANK0   BANK1   BANK2   BANK3   BANK4   BANK5   BANK6
      Params:         0       0       0       0       0       0       0       0
      Locals:         0       0       0       0       0       0       0       0
      Temps:          0       0       0       0       0       0       0       0
      Totals:         0       0       0       0       0       0       0       0
Total ram usage:        0 bytes
 Hardware stack levels used:    1
 Hardware stack levels required when called:    2
 This function calls:
		Absolute function
		_CMP2_DefaultInterruptHandler
		_tiltChange2
 This function is called by:
		_INTERRUPT_InterruptManager
 This function uses a non-reentrant model


 *************** function _CMP2_DefaultInterruptHandler *****************
 Defined at:
		line 110 in file "mcc_generated_files/cmp2.c"
 Parameters:    Size  Location     Type
		None
 Auto vars:     Size  Location     Type
		None
 Return value:  Size  Location     Type
                  1    wreg      void 
 Registers used:
		None
 Tracked objects:
		On entry : 
		On exit  : 
		Unchanged: 
 Data sizes:     COMMON   BANK0   BANK1   BANK2   BANK3   BANK4   BANK5   BANK6
      Params:         0       0       0       0       0       0       0       0
      Locals:         0       0       0       0       0       0       0       0
      Temps:          0       0       0       0       0       0       0       0
      Totals:         0       0       0       0       0       0       0       0
Total ram usage:        0 bytes
 Hardware stack levels used:    1
 This function calls:
		Nothing
 This function is called by:
		_CMP2_Initialize
		_CMP2_ISR
 This function uses a non-reentrant model


 *************** function _tiltChange2 *****************
 Defined at:
		line 91 in file "app.c"
 Parameters:    Size  Location     Type
		None
 Auto vars:     Size  Location     Type
		None
 Return value:  Size  Location     Type
                  1    wreg      void 
 Registers used:
		wreg, status,2, status,0, pclath, cstack
 Tracked objects:
		On entry : 
		On exit  : 
		Unchanged: 
 Data sizes:     COMMON   BANK0   BANK1   BANK2   BANK3   BANK4   BANK5   BANK6
      Params:         0       0       0       0       0       0       0       0
      Locals:         0       0       0       0       0       0       0       0
      Temps:          4       0       0       0       0       0       0       0
      Totals:         4       0       0       0       0       0       0       0
Total ram usage:        4 bytes
 Hardware stack levels used:    1
 Hardware stack levels required when called:    1
 This function calls:
		_CMP2_GetOutputStatus
		i1_TMR1_StartTimer
		i1_TMR1_StopTimer
 This function is called by:
		_main
		_CMP2_ISR
 This function uses a non-reentrant model


 *************** function i1_TMR1_StopTimer *****************
 Defined at:
		line 105 in file "mcc_generated_files/tmr1.c"
 Parameters:    Size  Location     Type
		None
 Auto vars:     Size  Location     Type
		None
 Return value:  Size  Location     Type
                  1    wreg      void 
 Registers used:
		None
 Tracked objects:
		On entry : 
		On exit  : 
		Unchanged: 
 Data sizes:     COMMON   BANK0   BANK1   BANK2   BANK3   BANK4   BANK5   BANK6
      Params:         0       0       0       0       0       0       0       0
      Locals:         0       0       0       0       0       0       0       0
      Temps:          0       0       0       0       0       0       0       0
      Totals:         0       0       0       0       0       0       0       0
Total ram usage:        0 bytes
 Hardware stack levels used:    1
 This function calls:
		Nothing
 This function is called by:
		_buttChangeInt
		_tiltChange2
 This function uses a non-reentrant model


 *************** function i1_TMR1_StartTimer *****************
 Defined at:
		line 99 in file "mcc_generated_files/tmr1.c"
 Parameters:    Size  Location     Type
		None
 Auto vars:     Size  Location     Type
		None
 Return value:  Size  Location     Type
                  1    wreg      void 
 Registers used:
		None
 Tracked objects:
		On entry : 
		On exit  : 
		Unchanged: 
 Data sizes:     COMMON   BANK0   BANK1   BANK2   BANK3   BANK4   BANK5   BANK6
      Params:         0       0       0       0       0       0       0       0
      Locals:         0       0       0       0       0       0       0       0
      Temps:          0       0       0       0       0       0       0       0
      Totals:         0       0       0       0       0       0       0       0
Total ram usage:        0 bytes
 Hardware stack levels used:    1
 This function calls:
		Nothing
 This function is called by:
		_minuteInt
		_buttChangeInt
		_tiltChange2
 This function uses a non-reentrant model


 *************** function _CMP2_GetOutputStatus *****************
 Defined at:
		line 90 in file "mcc_generated_files/cmp2.c"
 Parameters:    Size  Location     Type
		None
 Auto vars:     Size  Location     Type
		None
 Return value:  Size  Location     Type
                  1    wreg      _Bool 
 Registers used:
		wreg, status,2, status,0
 Tracked objects:
		On entry : 
		On exit  : 
		Unchanged: 
 Data sizes:     COMMON   BANK0   BANK1   BANK2   BANK3   BANK4   BANK5   BANK6
      Params:         0       0       0       0       0       0       0       0
      Locals:         0       0       0       0       0       0       0       0
      Temps:          0       0       0       0       0       0       0       0
      Totals:         0       0       0       0       0       0       0       0
Total ram usage:        0 bytes
 Hardware stack levels used:    1
 This function calls:
		Nothing
 This function is called by:
		_tiltChange2
 This function uses a non-reentrant model



MODULE INFORMATION

Module		Function		Class		Link	Load	Size
mcc_generated_files/pwm6.c
		_PWM6_LoadDutyValue		CODE           	06BB	0000	23
		_PWM6_Initialize		CODE           	0CA4	0000	9

mcc_generated_files/pwm6.c estimated size: 32

mcc_generated_files/pwm4.c
		_PWM4_Initialize		CODE           	06E6	0000	9
		_PWM4_LoadDutyValue		CODE           	068F	0000	23

mcc_generated_files/pwm4.c estimated size: 32

mcc_generated_files/tmr2.c
		_TMR2_Initialize		CODE           	0CC4	0000	15

mcc_generated_files/tmr2.c estimated size: 15

mcc_generated_files/interrupt_manager.c
		_INTERRUPT_InterruptManager		CODE           	0004	0000	44

mcc_generated_files/interrupt_manager.c estimated size: 44

mcc_generated_files/tmr0.c
		_TMR0_SetInterruptHandler		CODE           	02D2	0000	6
		_TMR0_StopTimer		CODE           	06F7	0000	4
		_TMR0_DefaultInterruptHandler		CODE           	0003	0000	2
		_TMR0_WriteTimer		CODE           	0C92	0000	6
		_TMR0_StartTimer		CODE           	06F5	0000	3
		_TMR0_ISR      		CODE           	0CB8	0000	13
		_TMR0_Initialize		CODE           	0CE4	0000	21

mcc_generated_files/tmr0.c estimated size: 55

C:\Program Files (x86)\Microchip\xc8\v2.00\pic\sources\c90\common\Umul16.c
		___wmul        		CODE           	0E83	0000	22

C:\Program Files (x86)\Microchip\xc8\v2.00\pic\sources\c90\common\Umul16.c estimated size: 22

nvm_interface.c
		_readFlashData 		CODE           	0E98	0000	41
		_writeFlashData		CODE           	0DED	0000	93
		_eraseFlashData		CODE           	0DA3	0000	75

nvm_interface.c estimated size: 209

mcc_generated_files/pin_manager.c
		_IOCAF5_SetInterruptHandler		CODE           	02C8	0000	6
		_IOCBF6_DefaultInterruptHandler		CODE           	0C8D	0000	2
		_PIN_MANAGER_Initialize		CODE           	031E	0000	76
		_IOCBF6_ISR    		CODE           	0D4E	0000	14
		_IOCBF7_DefaultInterruptHandler		CODE           	0C8E	0000	2
		_IOCBF7_ISR    		CODE           	0D5B	0000	14
		_IOCBF6_SetInterruptHandler		CODE           	06D1	0000	6
		_IOCAF5_DefaultInterruptHandler		CODE           	0C8C	0000	2
		_IOCAF5_ISR    		CODE           	0D42	0000	13
		_PIN_MANAGER_IOC		CODE           	0D36	0000	13
		_IOCBF7_SetInterruptHandler		CODE           	02CD	0000	6

mcc_generated_files/pin_manager.c estimated size: 154

mcc_generated_files/adc.c
		_ADC_Initialize		CODE           	02F7	0000	9
		_ADC_GetConversion		CODE           	0659	0000	31

mcc_generated_files/adc.c estimated size: 40

mcc_generated_files/cmp2.c
		_CMP2_SetInterruptHandler		CODE           	02C3	0000	6
		_CMP2_GetOutputStatus		CODE           	078B	0000	7
		_CMP2_DefaultInterruptHandler		CODE           	0C8B	0000	2
		_CMP2_ISR      		CODE           	0CAC	0000	13
		_CMP2_Initialize		CODE           	02FF	0000	22

mcc_generated_files/cmp2.c estimated size: 50

shared
		i1___wmul      		CODE           	07CB	0000	22
		i1_TMR1_StopTimer		CODE           	0791	0000	4
		i1_batteryGetStatus		CODE           	0D68	0000	36
		__initialization		CODE           	0031	0000	11
		i1_TMR1_StartTimer		CODE           	07C8	0000	4
		i1_ADC_GetConversion		CODE           	0D8B	0000	25

shared estimated size: 102

mcc_generated_files/eusart1.c
		_EUSART1_SetRxInterruptHandler		CODE           	0D0F	0000	6
		_EUSART1_Initialize		CODE           	0CF8	0000	24
		_EUSART1_Receive_ISR		CODE           	0CD2	0000	19

mcc_generated_files/eusart1.c estimated size: 49

mcc_generated_files/pwm5.c
		_PWM5_LoadDutyValue		CODE           	06A5	0000	23
		_PWM5_Initialize		CODE           	06EE	0000	8

mcc_generated_files/pwm5.c estimated size: 31

app.c
		_led4Off       		CODE           	05C0	0000	5
		_storeValues   		CODE           	0677	0000	25
		_ledDrinkAlert 		CODE           	0369	0000	98
		_minuteInt     		CODE           	0794	0000	53
		_batteryGetStatus		CODE           	029A	0000	39
		_ledDrinkConfig		CODE           	026C	0000	47
		_tiltChange2   		CODE           	0744	0000	72
		_defaultValues 		CODE           	06FA	0000	5
		_ledBatteryCharging		CODE           	04AB	0000	122
		_led1On        		CODE           	05B3	0000	6
		_ledSip        		CODE           	0524	0000	144
		_led2On        		CODE           	05C8	0000	6
		_ledRestore    		CODE           	00C2	0000	63
		_led3On        		CODE           	05CD	0000	6
		_initValues    		CODE           	0E49	0000	49
		_led4On        		CODE           	05D2	0000	6
		_ledSave       		CODE           	043E	0000	110
		_timer1Int     		CODE           	0C9D	0000	8
		_readValues    		CODE           	0E79	0000	11
		_ledMinutes    		CODE           	0401	0000	62
		_led1Off       		CODE           	05C4	0000	5
		_buttChangeInt 		CODE           	06FE	0000	71
		_welcomeLeds   		CODE           	0100	0000	63
		_led2Off       		CODE           	05B8	0000	5
		_ledBatteryLow 		CODE           	0095	0000	46
		_modeChangeTime		CODE           	003F	0000	87
		_led3Off       		CODE           	05BC	0000	5
		_ledBatteryCharged		CODE           	03CA	0000	56

app.c estimated size: 1275

mcc_generated_files/mcc.c
		_PMD_Initialize		CODE           	06D6	0000	9
		_OSCILLATOR_Initialize		CODE           	0314	0000	11
		_SYSTEM_Initialize		CODE           	02DC	0000	28

mcc_generated_files/mcc.c estimated size: 48

mcc_generated_files/pwm3.c
		_PWM3_Initialize		CODE           	06DE	0000	9
		_PWM3_LoadDutyValue		CODE           	05D7	0000	131

mcc_generated_files/pwm3.c estimated size: 140

mcc_generated_files/tmr1.c
		_TMR1_Initialize		CODE           	07E0	0000	32
		_TMR1_SetInterruptHandler		CODE           	02D7	0000	6
		_TMR1_StopTimer		CODE           	02C0	0000	4
		_TMR1_DefaultInterruptHandler		CODE           	07FF	0000	2
		_TMR1_WriteTimer		CODE           	0D27	0000	16
		_TMR1_StartTimer		CODE           	0C8F	0000	4
		_TMR1_ISR      		CODE           	0D14	0000	20

mcc_generated_files/tmr1.c estimated size: 84

main.c
		_main          		CODE           	013E	0000	303

main.c estimated size: 303

